---
source: crates/test-utils/src/lib.rs
expression: rendered
input_file: crates/uitest/tests/fixtures/typeck/comptime_class_head_method_signature/main.solc
---
error[SC0221]: invalid impl member signature for `f`: expected function(word) returns (word), got function(word) returns (bool)
 --> /main/main.solc:6:3
  |
5 | impl C<word> {
6 |   function f(x: word) returns (bool) {
  |   ^^^^^^^^^^^^^^^^^^^^^^^^^^^^^^^^^^ invalid impl method signature
7 |     return true;
  |
  = note: the impl method must match the trait method after substituting the impl head
