---
source: crates/test-utils/src/lib.rs
expression: rendered
input_file: crates/uitest/tests/fixtures/parse/nullary_ctor_applied_pattern/main.solc
---
error[SC0001]: parse error: unexpected `)`
 --> /main/main.solc:5:12
  |
4 |   match (x) {
5 |   case D.C() { return 1; }
  |            ^ unexpected token
6 |   }
  |
  = note: expecting `(`, `_`, or `comptime`
