---
source: crates/yul/tests/snapshots.rs
expression: "render_source(\"dispatch_basic_shape\",\nr#\"\nimport std.{*};\nimport std.dispatch.{*};\n\ncontract DispatchBasicShape {\n  public function id(x : word) -> word {\n    return x;\n  }\n\n  public function answer() -> word {\n    return 42;\n  }\n}\n\"#,)"
---
object "DispatchBasicShapeDeploy" {
  code {
    function usr$dispatch_basic_shape_DispatchBasicShape__start_d214b9efd() {
      mstore(64, memoryguard(128))
      if lt(codesize(), datasize("DispatchBasicShapeDeploy")) {
        revert(0, 0)
      }
      if callvalue() {
        mstore(0, 0xb5988ea3)
        revert(28, 4)
      }
      let asm$size_0 := datasize("DispatchBasicShape")
      codecopy(0, dataoffset("DispatchBasicShape"), datasize("DispatchBasicShape"))
      return(0, asm$size_0)
    }
    usr$dispatch_basic_shape_DispatchBasicShape__start_d214b9efd()
  }
  object "DispatchBasicShape" {
    code {
      function usr$ABIDecode_decode$ABIDecoderLword_CalldataWordReaderJ(src$ptr_1, src$currentHeadOffset_2) -> gen$result_3 {
        let _v0
        _v0 := usr$WordReader_advance$ABIDecoderLword_CalldataWordReaderJ(src$ptr_1, src$currentHeadOffset_2)
        let _v1
        _v1 := usr$WordReader_read$ABIDecoderLword_CalldataWordReaderJ(_v0)
        gen$result_3 := _v1
        leave
      }
      function usr$ABIEncode_encodeInto$word(src$x_4, src$basePtr_5, src$offset_6, src$tail_7) -> gen$result_8 {
        let _v2
        _v2 := usr$Add_add$word(src$basePtr_5, src$offset_6)
        usr$opcodes_mstore_d7415bc7e(_v2, src$x_4)
        gen$result_8 := src$tail_7
        leave
      }
      function usr$Add_add$word(src$l_9, src$r_10) -> gen$result_11 {
        let _v3
        _v3 := add(src$l_9, src$r_10)
        gen$result_11 := _v3
        leave
      }
      function usr$HasWordReader_getWordReader$calldataLbytesJ(src$x_12) -> gen$result_13 {
        let _v4
        _v4 := usr$Typedef_rep$calldataLbytesJ(src$x_12)
        gen$result_13 := _v4
        leave
      }
      function usr$Ord_gt$word(src$x_14, src$y_15) -> _v5 {
        let _v6
        _v6 := gt(src$x_14, src$y_15)
        _v5 := _v6
        leave
      }
      function usr$Sub_sub$word(src$l_16, src$r_17) -> gen$result_18 {
        let _v7
        _v7 := sub(src$l_16, src$r_17)
        gen$result_18 := _v7
        leave
      }
      function usr$Typedef_rep$calldataLbytesJ(src$x_19) -> gen$result_20 {
        let src$w_21
        src$w_21 := src$x_19
        gen$result_20 := src$w_21
        leave
      }
      function usr$Typedef_rep$memoryLbytesJ(src$x_22) -> gen$result_23 {
        let src$w_24
        src$w_24 := src$x_22
        gen$result_23 := src$w_24
        leave
      }
      function usr$Typedef_rep$memoryLstringJ(src$x_25) -> gen$result_26 {
        let src$w_27
        src$w_27 := src$x_25
        gen$result_26 := src$w_27
        leave
      }
      function usr$WordReader_advance$ABIDecoderLword_CalldataWordReaderJ(src$decoder_28, src$offset_29) -> gen$result_30 {
        let src$ptr_31
        src$ptr_31 := src$decoder_28
        let _v8
        _v8 := usr$WordReader_advance$CalldataWordReader(src$ptr_31, src$offset_29)
        gen$result_30 := _v8
        leave
      }
      function usr$WordReader_advance$CalldataWordReader(src$reader_32, src$offset_33) -> gen$result_34 {
        let src$ptr_35
        src$ptr_35 := src$reader_32
        let src$end_36
        let _v9
        _v9 := usr$opcodes_calldatasize_dee48adc5()
        src$end_36 := _v9
        let _v10
        let _v11
        _v11 := usr$std_ge_df0bec9f4$word(src$end_36, src$ptr_35)
        switch _v11
          case 0 {
            _v10 := false
          }
          default {
            let _v12
            _v12 := usr$Sub_sub$word(src$end_36, src$ptr_35)
            let _v13
            _v13 := usr$std_le_d7eb3f6cb$word(src$offset_33, _v12)
            _v10 := _v13
          }
        usr$std_require_d22809541(_v10, false, 0x08638556, 911)
        let _v14
        _v14 := usr$Add_add$word(src$ptr_35, src$offset_33)
        gen$result_34 := _v14
        leave
      }
      function usr$WordReader_read$ABIDecoderLword_CalldataWordReaderJ(src$decoder_37) -> gen$result_38 {
        let src$ptr_39
        src$ptr_39 := src$decoder_37
        let _v15
        _v15 := usr$WordReader_read$CalldataWordReader(src$ptr_39)
        gen$result_38 := _v15
        leave
      }
      function usr$WordReader_read$CalldataWordReader(src$reader_40) -> gen$result_41 {
        let src$ptr_42
        src$ptr_42 := src$reader_40
        let src$end_43
        let _v16
        _v16 := usr$opcodes_calldatasize_dee48adc5()
        src$end_43 := _v16
        let _v17
        let _v18
        _v18 := usr$std_ge_df0bec9f4$word(src$end_43, src$ptr_42)
        switch _v18
          case 0 {
            _v17 := false
          }
          default {
            let _v19
            _v19 := usr$Sub_sub$word(src$end_43, src$ptr_42)
            let _v20
            _v20 := usr$std_ge_df0bec9f4$word(_v19, 32)
            _v17 := _v20
          }
        usr$std_require_d22809541(_v17, false, 0x08638556, 911)
        let _v21
        _v21 := usr$opcodes_calldataload_d37992dc7(src$ptr_42)
        gen$result_41 := _v21
        leave
      }
      function usr$dispatch_basic_shape_DispatchBasicShape_id_d308af779(src$x_44) -> gen$result_45 {
        gen$result_45 := src$x_44
        leave
      }
      function usr$dispatch_basic_shape_DispatchBasicShape_main_d302fef00() {
        mstore(0x40, memoryguard(128))
        let _v22
        _v22 := usr$opcodes_calldatasize_dee48adc5()
        let _v23
        _v23 := usr$std_ge_df0bec9f4$word(_v22, 4)
        switch _v23
          case false {
            /* false */
          }
          case true {
            {
              /* true */
              let _v24
              _v24 := usr$dispatch_selector_matches_de46e52b9$MethodLDispatchNameTy_DispatchBasicShape_id_NonPayable_word_word_fnJ()
              switch _v24
                case false {
                  /* false */
                  let _v25
                  _v25 := usr$dispatch_selector_matches_de46e52b9$MethodLDispatchNameTy_DispatchBasicShape_answer_NonPayable_unit_word_fnJ()
                  switch _v25
                    case false {
                      /* false */
                      leave
                    }
                    case true {
                      {
                        /* true */
                        let _v26
                        let _v27
                        let _v28
                        _v26 := false
                        _v27 := 0xb5988ea3
                        let _v29
                        _v29 := usr$opcodes_callvalue_d4847a28f()
                        let _v30
                        _v30 := eq(_v29, 0)
                        usr$std_require_d22809541(_v30, _v26, _v27, _v28)
                        let _v31
                        _v31 := usr$opcodes_calldatasize_dee48adc5()
                        let _v32
                        _v32 := usr$std_ge_df0bec9f4$word(_v31, 4)
                        usr$std_require_d22809541(_v32, false, 0x08638556, 911)
                        let src$ptr_46
                        src$ptr_46 := 4
                        let src$rets_47
                        src$rets_47 := 42
                        let src$ptr_48
                        let _v33
                        _v33 := usr$std_abi_encode_d3b55212b$word(src$rets_47)
                        src$ptr_48 := _v33
                        let src$start_49
                        let _v34
                        _v34 := usr$Typedef_rep$memoryLbytesJ(src$ptr_48)
                        src$start_49 := _v34
                        let src$end_50
                        let _v35
                        _v35 := usr$std_get_free_memory_d1dc44c02()
                        src$end_50 := _v35
                        let src$retSz_51
                        let _v36
                        _v36 := usr$Sub_sub$word(src$end_50, src$start_49)
                        src$retSz_51 := _v36
                        return(src$start_49, src$retSz_51)
                      }
                    }
                }
                case true {
                  {
                    /* true */
                    let _v37
                    let _v38
                    let _v39
                    _v37 := false
                    _v38 := 0xb5988ea3
                    let _v40
                    _v40 := usr$opcodes_callvalue_d4847a28f()
                    let _v41
                    _v41 := eq(_v40, 0)
                    usr$std_require_d22809541(_v41, _v37, _v38, _v39)
                    let _v42
                    _v42 := usr$opcodes_calldatasize_dee48adc5()
                    let _v43
                    _v43 := usr$std_ge_df0bec9f4$word(_v42, 36)
                    usr$std_require_d22809541(_v43, false, 0x08638556, 911)
                    let src$ptr_52
                    src$ptr_52 := 4
                    let src$args_53
                    let _v44
                    _v44 := usr$std_abi_decode_debc005b9$calldataLbytesJ_CalldataWordReader_word_word(src$ptr_52)
                    src$args_53 := _v44
                    let src$rets_54
                    let _v45
                    _v45 := usr$dispatch_basic_shape_DispatchBasicShape_id_d308af779(src$args_53)
                    src$rets_54 := _v45
                    let src$ptr_55
                    let _v46
                    _v46 := usr$std_abi_encode_d3b55212b$word(src$rets_54)
                    src$ptr_55 := _v46
                    let src$start_56
                    let _v47
                    _v47 := usr$Typedef_rep$memoryLbytesJ(src$ptr_55)
                    src$start_56 := _v47
                    let src$end_57
                    let _v48
                    _v48 := usr$std_get_free_memory_d1dc44c02()
                    src$end_57 := _v48
                    let src$retSz_58
                    let _v49
                    _v49 := usr$Sub_sub$word(src$end_57, src$start_56)
                    src$retSz_58 := _v49
                    return(src$start_56, src$retSz_58)
                  }
                }
            }
          }
        let _v50
        let _v51
        let _v52
        _v50 := false
        _v51 := 0xb5988ea3
        let _v53
        _v53 := usr$opcodes_callvalue_d4847a28f()
        let _v54
        _v54 := eq(_v53, 0)
        usr$std_require_d22809541(_v54, _v50, _v51, _v52)
        usr$dispatch_fallback_default_implementation_da5a06d85()
        stop()
        leave
      }
      function usr$dispatch_fallback_default_implementation_da5a06d85() {
        let _v55
        let _v56
        let _v57
        _v55 := false
        _v56 := 0x4924aef0
        usr$std_revertWithError_d94ee902a(_v55, _v56, _v57)
      }
      function usr$dispatch_selector_matches_de46e52b9$MethodLDispatchNameTy_DispatchBasicShape_answer_NonPayable_unit_word_fnJ() -> _v58 {
        let src$candidate_59
        src$candidate_59 := 2243657065
        let src$selector_60
        let _v59
        _v59 := usr$opcodes_calldataload_d37992dc7(0)
        let _v60
        _v60 := usr$opcodes_shr_d588bcc8e(224, _v59)
        src$selector_60 := _v60
        let _v61
        _v61 := eq(src$selector_60, src$candidate_59)
        _v58 := _v61
        leave
      }
      function usr$dispatch_selector_matches_de46e52b9$MethodLDispatchNameTy_DispatchBasicShape_id_NonPayable_word_word_fnJ() -> _v62 {
        let src$candidate_61
        src$candidate_61 := 2101100744
        let src$selector_62
        let _v63
        _v63 := usr$opcodes_calldataload_d37992dc7(0)
        let _v64
        _v64 := usr$opcodes_shr_d588bcc8e(224, _v63)
        src$selector_62 := _v64
        let _v65
        _v65 := eq(src$selector_62, src$candidate_61)
        _v62 := _v65
        leave
      }
      function usr$opcodes_calldataload_d37992dc7(src$a_63) -> gen$result_64 {
        let src$res_65
        src$res_65 := calldataload(src$a_63)
        gen$result_64 := src$res_65
        leave
      }
      function usr$opcodes_calldatasize_dee48adc5() -> gen$result_66 {
        let src$res_67
        src$res_67 := calldatasize()
        gen$result_66 := src$res_67
        leave
      }
      function usr$opcodes_callvalue_d4847a28f() -> gen$result_68 {
        let src$res_69
        src$res_69 := callvalue()
        gen$result_68 := src$res_69
        leave
      }
      function usr$opcodes_mload_d8413229c(src$a_70) -> gen$result_71 {
        let src$res_72
        src$res_72 := mload(src$a_70)
        gen$result_71 := src$res_72
        leave
      }
      function usr$opcodes_mstore_d7415bc7e(src$a_73, src$b_74) {
        mstore(src$a_73, src$b_74)
      }
      function usr$opcodes_revert_d73350734(src$a_75, src$b_76) {
        revert(src$a_75, src$b_76)
      }
      function usr$opcodes_shr_d588bcc8e(src$a_77, src$b_78) -> gen$result_79 {
        let src$res_80
        src$res_80 := shr(src$a_77, src$b_78)
        gen$result_79 := src$res_80
        leave
      }
      function usr$std_abi_decode_debc005b9$calldataLbytesJ_CalldataWordReader_word_word(src$decodable_81) -> gen$result_82 {
        let src$decoder_83
        let _v66
        _v66 := usr$HasWordReader_getWordReader$calldataLbytesJ(src$decodable_81)
        src$decoder_83 := _v66
        let _v67
        _v67 := usr$ABIDecode_decode$ABIDecoderLword_CalldataWordReaderJ(src$decoder_83, 0)
        gen$result_82 := _v67
        leave
      }
      function usr$std_abi_encode_d3b55212b$word(src$val_84) -> gen$result_85 {
        let src$free_86
        let _v68
        _v68 := usr$std_get_free_memory_d1dc44c02()
        src$free_86 := _v68
        let src$tail_87
        let _v69
        _v69 := usr$Add_add$word(src$free_86, 32)
        let _v70
        _v70 := usr$ABIEncode_encodeInto$word(src$val_84, src$free_86, 0, _v69)
        src$tail_87 := _v70
        usr$std_set_free_memory_d65c817cd(src$tail_87)
        gen$result_85 := src$free_86
        leave
      }
      function usr$std_ge_df0bec9f4$word(src$x_88, src$y_89) -> _v71 {
        let _v72
        _v72 := usr$std_le_d7eb3f6cb$word(src$y_89, src$x_88)
        _v71 := _v72
        leave
      }
      function usr$std_get_free_memory_d1dc44c02() -> gen$result_90 {
        let _v73
        _v73 := usr$opcodes_mload_d8413229c(0x40)
        gen$result_90 := _v73
        leave
      }
      function usr$std_le_d7eb3f6cb$word(src$x_91, src$y_92) -> _v74 {
        let _v75
        _v75 := usr$Ord_gt$word(src$x_91, src$y_92)
        let _v76
        _v76 := usr$std_not_dd1ce4f4b(_v75)
        _v74 := _v76
        leave
      }
      function usr$std_not_dd1ce4f4b(_v77) -> _v78 {
        switch _v77
          case false {
            /* false */
            _v78 := true
            leave
          }
          case true {
            {
              /* true */
              _v78 := false
              leave
            }
          }
      }
      function usr$std_require_d22809541(_v79, _v80, _v81, _v82) {
        let _v83
        switch _v79
          case 0 {
            _v83 := true
          }
          default {
            _v83 := false
          }
        switch _v83
          case false {
            /* false */
          }
          case true {
            {
              /* true */
              usr$std_revertWithError_d94ee902a(_v80, _v81, _v82)
            }
          }
      }
      function usr$std_revertWithError_d94ee902a(_v84, _v85, _v86) {
        switch _v84
          case false {
            /* Error */
            let src$selector_93
            src$selector_93 := _v85
            usr$opcodes_mstore_d7415bc7e(0, src$selector_93)
            usr$opcodes_revert_d73350734(28, 4)
          }
          case true {
            switch _v85
              case false {
                /* Empty */
                usr$opcodes_revert_d73350734(0, 0)
              }
              case true {
                {
                  /* Msg */
                  let src$msg_94
                  src$msg_94 := _v86
                  let src$msg__95
                  let _v87
                  _v87 := usr$Typedef_rep$memoryLstringJ(src$msg_94)
                  src$msg__95 := _v87
                  let _v88
                  _v88 := usr$Add_add$word(src$msg__95, 32)
                  let _v89
                  _v89 := usr$opcodes_mload_d8413229c(src$msg__95)
                  usr$opcodes_revert_d73350734(_v88, _v89)
                }
              }
          }
      }
      function usr$std_set_free_memory_d65c817cd(src$loc_96) {
        usr$opcodes_mstore_d7415bc7e(0x40, src$loc_96)
        leave
      }
      usr$dispatch_basic_shape_DispatchBasicShape_main_d302fef00()
    }
  }
}
