---
source: crates/yul/tests/snapshots.rs
expression: "solcore_yul::render_hull_program(&db, &program).expect(\"Yul translation\")"
---
object "OutputDeploy" {
  code {
  }
  object "Output" {
    code {
      function usr$main(src$x_0) -> gen$result_1 {
        gen$result_1 := src$x_0
        leave
      }
      {
        mstore(0, _mainresult)
        return(0, 32)
      }
    }
  }
}
