---
source: crates/yul/tests/snapshots.rs
expression: "render_source(\"doc_id\",\nr#\"\nimport std.{*};\nimport std.dispatch.{*};\n\ncontract IdDoc {\n  public function id(x : word) -> word {\n    return x;\n  }\n}\n\"#,)"
---
object "IdDocDeploy" {
  code {
    mstore(64, memoryguard(128))
    if lt(codesize(), datasize("IdDocDeploy")) {
      revert(0, 0)
    }
    if callvalue() {
      mstore(0, 0xb5988ea3)
      revert(28, 4)
    }
    let asm$size_0 := datasize("IdDoc")
    codecopy(0, dataoffset("IdDoc"), datasize("IdDoc"))
    return(0, asm$size_0)
  }
  object "IdDoc" {
    code {
      function usr$ABIDecode_decode$ABIDecoderLword_CalldataWordReaderJ(src$ptr_1, src$currentHeadOffset_2) -> gen$result_3 {
        let _v0
        _v0 := usr$WordReader_advance$ABIDecoderLword_CalldataWordReaderJ(src$ptr_1, src$currentHeadOffset_2)
        let _v1
        _v1 := usr$WordReader_read$ABIDecoderLword_CalldataWordReaderJ(_v0)
        gen$result_3 := _v1
        leave
      }
      function usr$ABIEncode_encodeInto$word(src$x_4, src$basePtr_5, src$offset_6, src$tail_7) -> gen$result_8 {
        let _v2
        _v2 := usr$Add_add$word(src$basePtr_5, src$offset_6)
        usr$opcodes_mstore_d7415bc7e(_v2, src$x_4)
        gen$result_8 := src$tail_7
        leave
      }
      function usr$Add_add$word(src$l_9, src$r_10) -> gen$result_11 {
        let _v3
        _v3 := add(src$l_9, src$r_10)
        gen$result_11 := _v3
        leave
      }
      function usr$HasWordReader_getWordReader$calldataLbytesJ(src$x_12) -> gen$result_13 {
        let _v4
        _v4 := usr$Typedef_rep$calldataLbytesJ(src$x_12)
        gen$result_13 := _v4
        leave
      }
      function usr$Ord_gt$word(src$x_14, src$y_15) -> _v5 {
        let _v6
        _v6 := gt(src$x_14, src$y_15)
        _v5 := _v6
        leave
      }
      function usr$Sub_sub$word(src$l_16, src$r_17) -> gen$result_18 {
        let _v7
        _v7 := sub(src$l_16, src$r_17)
        gen$result_18 := _v7
        leave
      }
      function usr$Typedef_rep$calldataLbytesJ(src$x_19) -> gen$result_20 {
        let src$w_21
        src$w_21 := src$x_19
        gen$result_20 := src$w_21
        leave
      }
      function usr$Typedef_rep$memoryLbytesJ(src$x_22) -> gen$result_23 {
        let src$w_24
        src$w_24 := src$x_22
        gen$result_23 := src$w_24
        leave
      }
      function usr$Typedef_rep$memoryLstringJ(src$x_25) -> gen$result_26 {
        let src$w_27
        src$w_27 := src$x_25
        gen$result_26 := src$w_27
        leave
      }
      function usr$WordReader_advance$ABIDecoderLword_CalldataWordReaderJ(src$decoder_28, src$offset_29) -> gen$result_30 {
        let src$ptr_31
        src$ptr_31 := src$decoder_28
        let _v8
        _v8 := usr$WordReader_advance$CalldataWordReader(src$ptr_31, src$offset_29)
        gen$result_30 := _v8
        leave
      }
      function usr$WordReader_advance$CalldataWordReader(src$reader_32, src$offset_33) -> gen$result_34 {
        let src$ptr_35
        src$ptr_35 := src$reader_32
        let _v9
        _v9 := usr$Add_add$word(src$ptr_35, src$offset_33)
        gen$result_34 := _v9
        leave
      }
      function usr$WordReader_read$ABIDecoderLword_CalldataWordReaderJ(src$decoder_36) -> gen$result_37 {
        let src$ptr_38
        src$ptr_38 := src$decoder_36
        let _v10
        _v10 := usr$WordReader_read$CalldataWordReader(src$ptr_38)
        gen$result_37 := _v10
        leave
      }
      function usr$WordReader_read$CalldataWordReader(src$reader_39) -> gen$result_40 {
        let src$ptr_41
        src$ptr_41 := src$reader_39
        let _v11
        _v11 := usr$opcodes_calldataload_d37992dc7(src$ptr_41)
        gen$result_40 := _v11
        leave
      }
      function usr$dispatch_fallback_default_implementation_da5a06d85() {
        let _v12
        let _v13
        let _v14
        _v12 := false
        _v13 := 0x4924aef0
        usr$std_revertWithError_d94ee902a(_v12, _v13, _v14)
      }
      function usr$dispatch_selector_matches_de46e52b9$MethodLDispatchNameTy_IdDoc_id_NonPayable_word_word_fnJ() -> _v15 {
        let src$candidate_42
        src$candidate_42 := 2101100744
        let src$selector_43
        let _v16
        _v16 := usr$opcodes_calldataload_d37992dc7(0)
        let _v17
        _v17 := usr$opcodes_shr_d588bcc8e(224, _v16)
        src$selector_43 := _v17
        let _v18
        _v18 := eq(src$selector_43, src$candidate_42)
        _v15 := _v18
        leave
      }
      function usr$doc_id_IdDoc_id_df22a7aef(src$x_44) -> gen$result_45 {
        gen$result_45 := src$x_44
        leave
      }
      function usr$doc_id_IdDoc_main_d45c46589() {
        mstore(0x40, memoryguard(128))
        let _v19
        _v19 := usr$opcodes_calldatasize_dee48adc5()
        let _v20
        _v20 := usr$std_ge_df0bec9f4$word(_v19, 4)
        switch _v20
          case false {
            /* false */
          }
          case true {
            {
              /* true */
              let _v21
              _v21 := usr$dispatch_selector_matches_de46e52b9$MethodLDispatchNameTy_IdDoc_id_NonPayable_word_word_fnJ()
              switch _v21
                case false {
                  /* false */
                  leave
                }
                case true {
                  {
                    /* true */
                    let _v22
                    let _v23
                    let _v24
                    _v22 := false
                    _v23 := 0xb5988ea3
                    let _v25
                    _v25 := usr$opcodes_callvalue_d4847a28f()
                    let _v26
                    _v26 := eq(_v25, 0)
                    usr$std_require_d22809541(_v26, _v22, _v23, _v24)
                    let _v27
                    _v27 := usr$opcodes_calldatasize_dee48adc5()
                    let _v28
                    _v28 := usr$std_ge_df0bec9f4$word(_v27, 36)
                    usr$std_require_d22809541(_v28, false, 0x08638556, 911)
                    let src$ptr_46
                    src$ptr_46 := 4
                    let src$args_47
                    let _v29
                    _v29 := usr$std_abi_decode_debc005b9$calldataLbytesJ_CalldataWordReader_word_word(src$ptr_46)
                    src$args_47 := _v29
                    let src$rets_48
                    let _v30
                    _v30 := usr$doc_id_IdDoc_id_df22a7aef(src$args_47)
                    src$rets_48 := _v30
                    let src$ptr_49
                    let _v31
                    _v31 := usr$std_abi_encode_d3b55212b$word(src$rets_48)
                    src$ptr_49 := _v31
                    let src$start_50
                    let _v32
                    _v32 := usr$Typedef_rep$memoryLbytesJ(src$ptr_49)
                    src$start_50 := _v32
                    let src$end_51
                    let _v33
                    _v33 := usr$std_get_free_memory_d1dc44c02()
                    src$end_51 := _v33
                    let src$retSz_52
                    let _v34
                    _v34 := usr$Sub_sub$word(src$end_51, src$start_50)
                    src$retSz_52 := _v34
                    return(src$start_50, src$retSz_52)
                  }
                }
            }
          }
        let _v35
        let _v36
        let _v37
        _v35 := false
        _v36 := 0xb5988ea3
        let _v38
        _v38 := usr$opcodes_callvalue_d4847a28f()
        let _v39
        _v39 := eq(_v38, 0)
        usr$std_require_d22809541(_v39, _v35, _v36, _v37)
        usr$dispatch_fallback_default_implementation_da5a06d85()
        stop()
        leave
      }
      function usr$opcodes_calldataload_d37992dc7(src$a_53) -> gen$result_54 {
        let src$res_55
        src$res_55 := calldataload(src$a_53)
        gen$result_54 := src$res_55
        leave
      }
      function usr$opcodes_calldatasize_dee48adc5() -> gen$result_56 {
        let src$res_57
        src$res_57 := calldatasize()
        gen$result_56 := src$res_57
        leave
      }
      function usr$opcodes_callvalue_d4847a28f() -> gen$result_58 {
        let src$res_59
        src$res_59 := callvalue()
        gen$result_58 := src$res_59
        leave
      }
      function usr$opcodes_mload_d8413229c(src$a_60) -> gen$result_61 {
        let src$res_62
        src$res_62 := mload(src$a_60)
        gen$result_61 := src$res_62
        leave
      }
      function usr$opcodes_mstore_d7415bc7e(src$a_63, src$b_64) {
        mstore(src$a_63, src$b_64)
      }
      function usr$opcodes_revert_d73350734(src$a_65, src$b_66) {
        revert(src$a_65, src$b_66)
      }
      function usr$opcodes_shr_d588bcc8e(src$a_67, src$b_68) -> gen$result_69 {
        let src$res_70
        src$res_70 := shr(src$a_67, src$b_68)
        gen$result_69 := src$res_70
        leave
      }
      function usr$std_abi_decode_debc005b9$calldataLbytesJ_CalldataWordReader_word_word(src$decodable_71) -> gen$result_72 {
        let src$decoder_73
        let _v40
        _v40 := usr$HasWordReader_getWordReader$calldataLbytesJ(src$decodable_71)
        src$decoder_73 := _v40
        let _v41
        _v41 := usr$ABIDecode_decode$ABIDecoderLword_CalldataWordReaderJ(src$decoder_73, 0)
        gen$result_72 := _v41
        leave
      }
      function usr$std_abi_encode_d3b55212b$word(src$val_74) -> gen$result_75 {
        let src$free_76
        let _v42
        _v42 := usr$std_get_free_memory_d1dc44c02()
        src$free_76 := _v42
        let src$tail_77
        let _v43
        _v43 := usr$Add_add$word(src$free_76, 32)
        let _v44
        _v44 := usr$ABIEncode_encodeInto$word(src$val_74, src$free_76, 0, _v43)
        src$tail_77 := _v44
        usr$std_set_free_memory_d65c817cd(src$tail_77)
        gen$result_75 := src$free_76
        leave
      }
      function usr$std_ge_df0bec9f4$word(src$x_78, src$y_79) -> _v45 {
        let _v46
        _v46 := usr$std_le_d7eb3f6cb$word(src$y_79, src$x_78)
        _v45 := _v46
        leave
      }
      function usr$std_get_free_memory_d1dc44c02() -> gen$result_80 {
        let _v47
        _v47 := usr$opcodes_mload_d8413229c(0x40)
        gen$result_80 := _v47
        leave
      }
      function usr$std_le_d7eb3f6cb$word(src$x_81, src$y_82) -> _v48 {
        let _v49
        _v49 := usr$Ord_gt$word(src$x_81, src$y_82)
        let _v50
        _v50 := usr$std_not_dd1ce4f4b(_v49)
        _v48 := _v50
        leave
      }
      function usr$std_not_dd1ce4f4b(_v51) -> _v52 {
        switch _v51
          case false {
            /* false */
            _v52 := true
            leave
          }
          case true {
            {
              /* true */
              _v52 := false
              leave
            }
          }
      }
      function usr$std_require_d22809541(_v53, _v54, _v55, _v56) {
        let _v57
        switch _v53
          case 0 {
            _v57 := true
          }
          default {
            _v57 := false
          }
        switch _v57
          case false {
            /* false */
          }
          case true {
            {
              /* true */
              usr$std_revertWithError_d94ee902a(_v54, _v55, _v56)
            }
          }
      }
      function usr$std_revertWithError_d94ee902a(_v58, _v59, _v60) {
        switch _v58
          case false {
            /* Error */
            let src$selector_83
            src$selector_83 := _v59
            usr$opcodes_mstore_d7415bc7e(0, src$selector_83)
            usr$opcodes_revert_d73350734(28, 4)
          }
          case true {
            switch _v59
              case false {
                /* Empty */
                usr$opcodes_revert_d73350734(0, 0)
              }
              case true {
                {
                  /* Msg */
                  let src$msg_84
                  src$msg_84 := _v60
                  let src$msg__85
                  let _v61
                  _v61 := usr$Typedef_rep$memoryLstringJ(src$msg_84)
                  src$msg__85 := _v61
                  let _v62
                  _v62 := usr$Add_add$word(src$msg__85, 32)
                  let _v63
                  _v63 := usr$opcodes_mload_d8413229c(src$msg__85)
                  usr$opcodes_revert_d73350734(_v62, _v63)
                }
              }
          }
      }
      function usr$std_set_free_memory_d65c817cd(src$loc_86) {
        usr$opcodes_mstore_d7415bc7e(0x40, src$loc_86)
        leave
      }
      usr$doc_id_IdDoc_main_d45c46589()
    }
  }
}
