---
source: crates/yul/tests/snapshots.rs
expression: "render_source(\"doc_id\",\nr#\"\nimport std;\nimport std.dispatch;\n\ncontract IdDoc {\n  function id(x: uint256) public returns (uint256) {\n    return x;\n  }\n}\n\"#,)"
---
object "IdDocDeploy" {
  code {
    function usr$doc_id_IdDoc__start_def83aaf8() {
      mstore(64, memoryguard(128))
      if lt(codesize(), datasize("IdDocDeploy")) {
        revert(0, 0)
      }
      if callvalue() {
        mstore(0, 0xb5988ea3)
        revert(28, 4)
      }
      let asm$size_0 := datasize("IdDoc")
      codecopy(0, dataoffset("IdDoc"), datasize("IdDoc"))
      return(0, asm$size_0)
    }
    usr$doc_id_IdDoc__start_def83aaf8()
  }
  object "IdDoc" {
    code {
      function usr$ABIDecode_decode_d84af4302$ABIDecoder_da57c46d1Luint256_d2edb4603_CalldataWordReader_d3137e4ffJ_uint256_d2edb4603(src$ptr_1, src$currentHeadOffset_2) -> gen$result_3 {
        let _v0
        _v0 := usr$WordReader_advance_dbba4aaa0$ABIDecoder_da57c46d1Luint256_d2edb4603_CalldataWordReader_d3137e4ffJ(src$ptr_1, src$currentHeadOffset_2)
        let _v1
        _v1 := usr$WordReader_read_dad71a7e5$ABIDecoder_da57c46d1Luint256_d2edb4603_CalldataWordReader_d3137e4ffJ(_v0)
        let _v2
        _v2 := usr$Typedef_abs_dd4c3e90c$uint256_d2edb4603_word(_v1)
        gen$result_3 := _v2
        leave
      }
      function usr$ABIEncode_encodeInto_dd2f16529$uint256_d2edb4603(src$x_4, src$basePtr_5, src$offset_6, src$tail_7) -> gen$result_8 {
        let src$repx_9
        let _v3
        _v3 := usr$Typedef_rep_d87df7559$uint256_d2edb4603_word(src$x_4)
        src$repx_9 := _v3
        let _v4
        _v4 := usr$Add_add_d2e932f0d$word(src$basePtr_5, src$offset_6)
        usr$opcodes_mstore_d7415bc7e(_v4, src$repx_9)
        gen$result_8 := src$tail_7
        leave
      }
      function usr$Add_add_d2e932f0d$word(src$l_10, src$r_11) -> gen$result_12 {
        let _v5
        _v5 := add(src$l_10, src$r_11)
        gen$result_12 := _v5
        leave
      }
      function usr$Eq_eq_d6d5d59e2$word(src$x_13, src$y_14) -> _v6 {
        let _v7
        _v7 := eq(src$x_13, src$y_14)
        _v6 := _v7
        leave
      }
      function usr$HasWordReader_getWordReader_d92d4533d$calldata_d8debf069Lbytes_dc4f6af34J_CalldataWordReader_d3137e4ff(src$x_15) -> gen$result_16 {
        let _v8
        _v8 := usr$Typedef_rep_df279797b$calldata_d8debf069Lbytes_dc4f6af34J_word(src$x_15)
        gen$result_16 := _v8
        leave
      }
      function usr$Ord_gt_dbce4d001$word(src$x_17, src$y_18) -> _v9 {
        let _v10
        _v10 := gt(src$x_17, src$y_18)
        _v9 := _v10
        leave
      }
      function usr$Sub_sub_dd601c728$word(src$l_19, src$r_20) -> gen$result_21 {
        let _v11
        _v11 := sub(src$l_19, src$r_20)
        gen$result_21 := _v11
        leave
      }
      function usr$Typedef_abs_dd4c3e90c$uint256_d2edb4603_word(src$w_22) -> gen$result_23 {
        gen$result_23 := src$w_22
        leave
      }
      function usr$Typedef_rep_d6e4e5fa6$memory_dda73d3aeLbytes_dc4f6af34J_word(src$x_24) -> gen$result_25 {
        let src$w_26
        src$w_26 := src$x_24
        gen$result_25 := src$w_26
        leave
      }
      function usr$Typedef_rep_d6e4e5fa6$memory_dda73d3aeLstring_d2d06d9f7J_word(src$x_27) -> gen$result_28 {
        let src$w_29
        src$w_29 := src$x_27
        gen$result_28 := src$w_29
        leave
      }
      function usr$Typedef_rep_d87df7559$uint256_d2edb4603_word(src$x_30) -> gen$result_31 {
        let src$w_32
        src$w_32 := src$x_30
        gen$result_31 := src$w_32
        leave
      }
      function usr$Typedef_rep_df279797b$calldata_d8debf069Lbytes_dc4f6af34J_word(src$x_33) -> gen$result_34 {
        let src$w_35
        src$w_35 := src$x_33
        gen$result_34 := src$w_35
        leave
      }
      function usr$WordReader_advance_dbba4aaa0$ABIDecoder_da57c46d1Luint256_d2edb4603_CalldataWordReader_d3137e4ffJ(src$decoder_36, src$offset_37) -> gen$result_38 {
        let src$ptr_39
        src$ptr_39 := src$decoder_36
        let _v12
        _v12 := usr$WordReader_advance_ddbeacc0b$CalldataWordReader_d3137e4ff(src$ptr_39, src$offset_37)
        gen$result_38 := _v12
        leave
      }
      function usr$WordReader_advance_ddbeacc0b$CalldataWordReader_d3137e4ff(src$reader_40, src$offset_41) -> gen$result_42 {
        let src$ptr_43
        src$ptr_43 := src$reader_40
        let _v13
        _v13 := usr$Add_add_d2e932f0d$word(src$ptr_43, src$offset_41)
        gen$result_42 := _v13
        leave
      }
      function usr$WordReader_read_dad71a7e5$ABIDecoder_da57c46d1Luint256_d2edb4603_CalldataWordReader_d3137e4ffJ(src$decoder_44) -> gen$result_45 {
        let src$ptr_46
        src$ptr_46 := src$decoder_44
        let _v14
        _v14 := usr$WordReader_read_df18f24f1$CalldataWordReader_d3137e4ff(src$ptr_46)
        gen$result_45 := _v14
        leave
      }
      function usr$WordReader_read_df18f24f1$CalldataWordReader_d3137e4ff(src$reader_47) -> gen$result_48 {
        let src$ptr_49
        src$ptr_49 := src$reader_47
        let _v15
        _v15 := usr$opcodes_calldataload_d37992dc7(src$ptr_49)
        gen$result_48 := _v15
        leave
      }
      function usr$dispatch_selector_matches_de46e52b9$Method_dcbe49e39LDispatchNameTy_IdDoc_id_d5611abab_NonPayable_da3e44601_uint256_d2edb4603_uint256_d2edb4603_fnLuint256_d2edb4603JRuint256_d2edb4603JJ() -> _v16 {
        let src$candidate_50
        src$candidate_50 := 2101100744
        let src$selector_51
        let _v17
        _v17 := usr$opcodes_calldataload_d37992dc7(0)
        let _v18
        _v18 := usr$opcodes_shr_d588bcc8e(224, _v17)
        src$selector_51 := _v18
        let _v19
        _v19 := usr$Eq_eq_d6d5d59e2$word(src$selector_51, src$candidate_50)
        _v16 := _v19
        leave
      }
      function usr$doc_id_IdDoc_id_df22a7aef(src$x_52) -> gen$result_53 {
        gen$result_53 := src$x_52
        leave
      }
      function usr$doc_id_IdDoc_main_d45c46589() {
        {
          mstore(0x40, memoryguard(128))
          let _v20
          let _v21
          _v21 := usr$opcodes_calldatasize_dee48adc5()
          let _v22
          _v22 := usr$std_ge_df0bec9f4$word(_v21, 4)
          _v20 := _v22
          switch _v20
            case false {
              /* false */
            }
            case true {
              {
                /* true */
                {
                  let _v23
                  let _v24
                  _v24 := usr$dispatch_selector_matches_de46e52b9$Method_dcbe49e39LDispatchNameTy_IdDoc_id_d5611abab_NonPayable_da3e44601_uint256_d2edb4603_uint256_d2edb4603_fnLuint256_d2edb4603JRuint256_d2edb4603JJ()
                  _v23 := _v24
                  switch _v23
                    case false {
                      /* false */
                      leave
                    }
                    case true {
                      {
                        /* true */
                        {
                          {
                            let _v25
                            let _v26
                            let _v27
                            _v25 := false
                            _v26 := 0xb5988ea3
                            let _v28
                            _v28 := usr$opcodes_callvalue_d4847a28f()
                            let _v29
                            _v29 := usr$Eq_eq_d6d5d59e2$word(_v28, 0)
                            usr$std_require_d22809541(_v29, _v25, _v26, _v27)
                          }
                          {
                            let _v30
                            _v30 := usr$opcodes_calldatasize_dee48adc5()
                            let _v31
                            _v31 := usr$std_ge_df0bec9f4$word(_v30, 36)
                            usr$std_require_d22809541(_v31, false, 0x08638556, 911)
                            let src$ptr_54
                            src$ptr_54 := 4
                            let src$args_55
                            let _v32
                            _v32 := usr$std_abi_decode_debc005b9$calldata_d8debf069Lbytes_dc4f6af34J_CalldataWordReader_d3137e4ff_uint256_d2edb4603_uint256_d2edb4603(src$ptr_54)
                            src$args_55 := _v32
                            let src$rets_56
                            let _v33
                            _v33 := usr$doc_id_IdDoc_id_df22a7aef(src$args_55)
                            src$rets_56 := _v33
                            let src$ptr_57
                            let _v34
                            _v34 := usr$std_abi_encode_d3b55212b$uint256_d2edb4603(src$rets_56)
                            src$ptr_57 := _v34
                            let src$start_58
                            let _v35
                            _v35 := usr$Typedef_rep_d6e4e5fa6$memory_dda73d3aeLbytes_dc4f6af34J_word(src$ptr_57)
                            src$start_58 := _v35
                            let src$end_59
                            let _v36
                            _v36 := usr$std_get_free_memory_d1dc44c02()
                            src$end_59 := _v36
                            let src$retSz_60
                            let _v37
                            _v37 := usr$Sub_sub_dd601c728$word(src$end_59, src$start_58)
                            src$retSz_60 := _v37
                            return(src$start_58, src$retSz_60)
                          }
                        }
                      }
                    }
                }
              }
            }
          {
            {
              let _v38
              let _v39
              let _v40
              _v38 := false
              _v39 := 0xb5988ea3
              let _v41
              _v41 := usr$opcodes_callvalue_d4847a28f()
              let _v42
              _v42 := usr$Eq_eq_d6d5d59e2$word(_v41, 0)
              usr$std_require_d22809541(_v42, _v38, _v39, _v40)
            }
            {
              let _v43
              let _v44
              let _v45
              _v43 := false
              _v44 := 0x4924aef0
              usr$std_revertWithError_d94ee902a(_v43, _v44, _v45)
            }
            stop()
          }
        }
        leave
      }
      function usr$opcodes_calldataload_d37992dc7(src$a_61) -> gen$result_62 {
        let src$res_63
        src$res_63 := calldataload(src$a_61)
        gen$result_62 := src$res_63
        leave
      }
      function usr$opcodes_calldatasize_dee48adc5() -> gen$result_64 {
        let src$res_65
        src$res_65 := calldatasize()
        gen$result_64 := src$res_65
        leave
      }
      function usr$opcodes_callvalue_d4847a28f() -> gen$result_66 {
        let src$res_67
        src$res_67 := callvalue()
        gen$result_66 := src$res_67
        leave
      }
      function usr$opcodes_mload_d8413229c(src$a_68) -> gen$result_69 {
        let src$res_70
        src$res_70 := mload(src$a_68)
        gen$result_69 := src$res_70
        leave
      }
      function usr$opcodes_mstore_d7415bc7e(src$a_71, src$b_72) {
        mstore(src$a_71, src$b_72)
      }
      function usr$opcodes_revert__df9f680cd(src$a_73, src$b_74) {
        revert(src$a_73, src$b_74)
      }
      function usr$opcodes_shr_d588bcc8e(src$a_75, src$b_76) -> gen$result_77 {
        let src$res_78
        src$res_78 := shr(src$a_75, src$b_76)
        gen$result_77 := src$res_78
        leave
      }
      function usr$std_abi_decode_debc005b9$calldata_d8debf069Lbytes_dc4f6af34J_CalldataWordReader_d3137e4ff_uint256_d2edb4603_uint256_d2edb4603(src$decodable_79) -> gen$result_80 {
        let src$decoder_81
        let _v46
        _v46 := usr$HasWordReader_getWordReader_d92d4533d$calldata_d8debf069Lbytes_dc4f6af34J_CalldataWordReader_d3137e4ff(src$decodable_79)
        src$decoder_81 := _v46
        let _v47
        _v47 := usr$ABIDecode_decode_d84af4302$ABIDecoder_da57c46d1Luint256_d2edb4603_CalldataWordReader_d3137e4ffJ_uint256_d2edb4603(src$decoder_81, 0)
        gen$result_80 := _v47
        leave
      }
      function usr$std_abi_encode_d3b55212b$uint256_d2edb4603(src$val_82) -> gen$result_83 {
        let src$free_84
        let _v48
        _v48 := usr$std_get_free_memory_d1dc44c02()
        src$free_84 := _v48
        let src$tail_85
        let _v49
        _v49 := usr$Add_add_d2e932f0d$word(src$free_84, 32)
        let _v50
        _v50 := usr$ABIEncode_encodeInto_dd2f16529$uint256_d2edb4603(src$val_82, src$free_84, 0, _v49)
        src$tail_85 := _v50
        usr$std_set_free_memory_d65c817cd(src$tail_85)
        gen$result_83 := src$free_84
        leave
      }
      function usr$std_ge_df0bec9f4$word(src$x_86, src$y_87) -> _v51 {
        let _v52
        _v52 := usr$std_le_d7eb3f6cb$word(src$y_87, src$x_86)
        _v51 := _v52
        leave
      }
      function usr$std_get_free_memory_d1dc44c02() -> gen$result_88 {
        let _v53
        _v53 := usr$opcodes_mload_d8413229c(0x40)
        gen$result_88 := _v53
        leave
      }
      function usr$std_le_d7eb3f6cb$word(src$x_89, src$y_90) -> _v54 {
        let _v55
        _v55 := usr$Ord_gt_dbce4d001$word(src$x_89, src$y_90)
        let _v56
        _v56 := usr$std_not_dd1ce4f4b(_v55)
        _v54 := _v56
        leave
      }
      function usr$std_not_dd1ce4f4b(_v57) -> _v58 {
        switch _v57
          case false {
            /* false */
            _v58 := true
            leave
          }
          case true {
            {
              /* true */
              _v58 := false
              leave
            }
          }
      }
      function usr$std_require_d22809541(_v59, _v60, _v61, _v62) {
        let _v63
        let _v64
        _v64 := usr$std_not_dd1ce4f4b(_v59)
        _v63 := _v64
        switch _v63
          case false {
            /* false */
          }
          case true {
            {
              /* true */
              usr$std_revertWithError_d94ee902a(_v60, _v61, _v62)
            }
          }
      }
      function usr$std_revertWithError_d94ee902a(_v65, _v66, _v67) {
        switch _v65
          case false {
            /* Error */
            let src$selector_91
            src$selector_91 := _v66
            usr$opcodes_mstore_d7415bc7e(0, src$selector_91)
            usr$opcodes_revert__df9f680cd(28, 4)
          }
          case true {
            switch _v66
              case false {
                /* Empty */
                usr$opcodes_revert__df9f680cd(0, 0)
              }
              case true {
                {
                  /* Msg */
                  let src$msg_92
                  src$msg_92 := _v67
                  let src$msg__93
                  let _v68
                  _v68 := usr$Typedef_rep_d6e4e5fa6$memory_dda73d3aeLstring_d2d06d9f7J_word(src$msg_92)
                  src$msg__93 := _v68
                  let _v69
                  _v69 := usr$Add_add_d2e932f0d$word(src$msg__93, 32)
                  let _v70
                  _v70 := usr$opcodes_mload_d8413229c(src$msg__93)
                  usr$opcodes_revert__df9f680cd(_v69, _v70)
                }
              }
          }
      }
      function usr$std_set_free_memory_d65c817cd(src$loc_94) {
        usr$opcodes_mstore_d7415bc7e(0x40, src$loc_94)
      }
      usr$doc_id_IdDoc_main_d45c46589()
    }
  }
}
