---
source: crates/yul/tests/snapshots.rs
expression: "render_source(\"doc_option_maybe\",\nr#\"\ncontract OptionDoc {\n  data Option(a) = None | Some(a);\n\n  function maybe(n : word, o : Option(word)) -> word {\n    match o {\n      | Option.None => return n;\n      | Option.Some(x) => return x;\n    }\n  }\n\n  public function main() -> word {\n    return maybe(0, Option.Some(42));\n  }\n}\n\"#,)"
---
object "OptionDocDeploy" {
  code {
    mstore(64, memoryguard(128))
    if lt(codesize(), datasize("OptionDocDeploy")) {
      revert(0, 0)
    }
    if callvalue() {
      mstore(0, 0xb5988ea3)
      revert(28, 4)
    }
    let asm$size_0 := datasize("OptionDoc")
    codecopy(0, dataoffset("OptionDoc"), datasize("OptionDoc"))
    return(0, asm$size_0)
  }
  object "OptionDoc" {
    code {
      function usr$doc_option_maybe_OptionDoc_main_dd6304f4c() -> gen$result_1 {
        let _v0
        _v0 := usr$doc_option_maybe_OptionDoc_maybe_d7fca80fc(0, true, 42)
        gen$result_1 := _v0
        leave
      }
      function usr$doc_option_maybe_OptionDoc_maybe_d7fca80fc(src$n_2, _v1, _v2) -> gen$result_3 {
        switch _v1
          case false {
            /* None */
            gen$result_3 := src$n_2
            leave
          }
          case true {
            {
              /* Some */
              gen$result_3 := _v2
              leave
            }
          }
      }
      /* selector 0xdffeadd0 -> doc_option_maybe_OptionDoc_main_dd6304f4c */
      mstore(0x40, memoryguard(128))
      let _v3
      _v3 := calldatasize()
      let _v4
      _v4 := lt(_v3, 4)
      switch _v4
        case true {
          if callvalue() {
            mstore(0, 0xb5988ea3)
            revert(28, 4)
          }
          mstore(0, 0x4924aef0)
          revert(28, 4)
        }
        case false {
          let src$OptionDoc_dispatch_selector_4
          src$OptionDoc_dispatch_selector_4 := shr(224, calldataload(0))
          switch src$OptionDoc_dispatch_selector_4
            case 0xdffeadd0 {
              if callvalue() {
                mstore(0, 0xb5988ea3)
                revert(28, 4)
              }
              let src$dispatch_ret0_5
              let _v5
              _v5 := usr$doc_option_maybe_OptionDoc_main_dd6304f4c()
              src$dispatch_ret0_5 := _v5
              let src$dispatch_ret0_0_6
              src$dispatch_ret0_0_6 := src$dispatch_ret0_5
              mstore(0, src$dispatch_ret0_0_6)
              return(0, 32)
            }
            default {
              if callvalue() {
                mstore(0, 0xb5988ea3)
                revert(28, 4)
              }
              mstore(0, 0x4924aef0)
              revert(28, 4)
            }
        }
    }
  }
}
