---
source: crates/yul/tests/snapshots.rs
expression: render_fixture(&fixture)
---
object "RGBDeploy" {
  code {
    mstore(64, memoryguard(128))
    if lt(codesize(), datasize("RGBDeploy")) {
      revert(0, 0)
    }
    if callvalue() {
      mstore(0, 0xb5988ea3)
      revert(28, 4)
    }
    let asm$size_0 := datasize("RGB")
    codecopy(0, dataoffset("RGB"), datasize("RGB"))
    return(0, asm$size_0)
  }
  object "RGB" {
    code {
      function usr$047rgb_RGB_main_d9bbcf828() -> gen$result_1 {
        gen$result_1 := 42
        leave
      }
      /* selector 0xdffeadd0 -> 047rgb_RGB_main_d9bbcf828 */
      mstore(0x40, memoryguard(128))
      let _v0
      _v0 := calldatasize()
      let _v1
      _v1 := lt(_v0, 4)
      switch _v1
        case true {
          if callvalue() {
            mstore(0, 0xb5988ea3)
            revert(28, 4)
          }
          mstore(0, 0x4924aef0)
          revert(28, 4)
        }
        case false {
          let src$RGB_dispatch_selector_2
          src$RGB_dispatch_selector_2 := shr(224, calldataload(0))
          switch src$RGB_dispatch_selector_2
            case 0xdffeadd0 {
              if callvalue() {
                mstore(0, 0xb5988ea3)
                revert(28, 4)
              }
              let src$dispatch_ret0_3
              let _v2
              _v2 := usr$047rgb_RGB_main_d9bbcf828()
              src$dispatch_ret0_3 := _v2
              let src$dispatch_ret0_word_4
              src$dispatch_ret0_word_4 := 0
              src$dispatch_ret0_word_4 := src$dispatch_ret0_3
              mstore(0, src$dispatch_ret0_word_4)
              return(0, 32)
            }
            default {
              if callvalue() {
                mstore(0, 0xb5988ea3)
                revert(28, 4)
              }
              mstore(0, 0x4924aef0)
              revert(28, 4)
            }
        }
    }
  }
}
