---
source: crates/yul/tests/snapshots.rs
expression: render_fixture(&fixture)
---
object "Add1Deploy" {
  code {
    mstore(64, memoryguard(128))
    if lt(codesize(), datasize("Add1Deploy")) {
      revert(0, 0)
    }
    if callvalue() {
      mstore(0, 0xb5988ea3)
      revert(28, 4)
    }
    let asm$size_0 := datasize("Add1")
    codecopy(0, dataoffset("Add1"), datasize("Add1"))
    return(0, asm$size_0)
  }
  object "Add1" {
    code {
      function usr$Add1_Add1_main_dac62ccff() -> gen$result_1 {
        let src$res_2
        src$res_2 := add(40, 2)
        gen$result_1 := 42
        leave
      }
      /* selector 0xdffeadd0 -> Add1_Add1_main_dac62ccff */
      mstore(0x40, memoryguard(128))
      let _v0
      _v0 := calldatasize()
      let _v1
      _v1 := lt(_v0, 4)
      switch _v1
        case true {
          if callvalue() {
            mstore(0, 0xb5988ea3)
            revert(28, 4)
          }
          mstore(0, 0x4924aef0)
          revert(28, 4)
        }
        case false {
          let src$Add1_dispatch_selector_3
          src$Add1_dispatch_selector_3 := shr(224, calldataload(0))
          switch src$Add1_dispatch_selector_3
            case 0xdffeadd0 {
              if callvalue() {
                mstore(0, 0xb5988ea3)
                revert(28, 4)
              }
              let src$dispatch_ret0_4
              let _v2
              _v2 := usr$Add1_Add1_main_dac62ccff()
              src$dispatch_ret0_4 := _v2
              let src$dispatch_ret0_word_5
              src$dispatch_ret0_word_5 := 0
              src$dispatch_ret0_word_5 := src$dispatch_ret0_4
              mstore(0, src$dispatch_ret0_word_5)
              return(0, 32)
            }
            default {
              if callvalue() {
                mstore(0, 0xb5988ea3)
                revert(28, 4)
              }
              mstore(0, 0x4924aef0)
              revert(28, 4)
            }
        }
    }
  }
}
