---
source: crates/test-utils/src/lib.rs
expression: rendered
input_file: crates/uitest/tests/fixtures/hull/assembly_multi_return_arity/main.solc
---
error[HULL-CHECK]: AssemblyReturnCountMismatch { context: "assignment", expected: 3, actual: 2 }
  --> /main/main.solc:11:18
   |
10 |       }
11 |       x, y, z := pair()
   |                  ^^^^^^ check failed here
12 |     }
   |
