---
source: crates/test-utils/src/lib.rs
expression: rendered
input_file: crates/uitest/tests/fixtures/typeck/ergo_type_as_value/main.solc
---
error[SC0228]: type name used as value: `Pair`
 --> /main/main.solc:4:11
  |
3 | function main() returns (word) {
4 |   let p = Pair;
  |           ^^^^ not a value
5 |   return 0;
  |
  = help: use a constructor or value binding here, not a namespace name
