---
source: crates/test-utils/src/lib.rs
expression: rendered
input_file: crates/uitest/tests/fixtures/parse/import_ctor_group_syntax/main.solc
---
error[SC0001]: parse error: unexpected `(`
 --> /main/main.solc:1:14
  |
1 | import lib.{D(C)};
  |              ^ unexpected token
  |
  = note: expecting `,`, `as`, or `}`
  = note: while parsing import declaration
