---
source: crates/test-utils/src/lib.rs
expression: rendered
input_file: crates/uitest/tests/fixtures/comptime/ergo_ct_fuel_infinite/main.solc
---
error[SC0410]: comptime evaluation fuel exhausted in spin at 128 unfold steps
 --> /main/main.solc:6:10
  |
5 | function spin(comptime n : integer) -> comptime integer {
6 |   return spin(integerAdd(n, 1));
  |          ^^^^^^^^^^^^^^^^^^^^^^ comptime fuel limit reached here
7 | }
  |
  = note: comptime evaluation did not finish before the fuel limit was reached
  = note: help: make the comptime recursion reach a base case or reduce the compile-time work
