---
source: crates/test-utils/src/lib.rs
expression: rendered
input_file: crates/uitest/tests/fixtures/nameres/duplicate_selector/main.solc
---
error[SC0117]: duplicate name `value` in selective import
 --> /main/main.solc:1:16
  |
1 | import {value, value} from util;
  |         -----  ^^^^^ duplicate selected import
  |         |
  |         first selected import with this name
  |
  = note: list each selected or hidden name only once
