---
source: crates/test-utils/src/lib.rs
expression: rendered
input_file: crates/uitest/tests/fixtures/parse/ergo_import_trailing_dot/main.solc
---
error[SC0001]: parse error: unexpected `;`
 --> /main/main.solc:1:24
  |
1 | import * as b from a.b.;
  |                        ^ unexpected token
2 |
3 | function f() returns (word) {
  |
  = note: while parsing import declaration
