---
source: crates/test-utils/src/lib.rs
expression: rendered
input_file: crates/uitest/tests/fixtures/typeck/ergo_tuple_arity_mismatch/main.solc
---
error[SC0203]: tuple expects 3 arguments, but 2 were provided
 --> /main/main.solc:2:10
  |
1 | function f() returns ((word, word, word)) {
2 |   return (1, 2);
  |          ^^^^^^ wrong number of arguments
3 | }
  |
  = note: expected 3 arguments
  = note: found 2 arguments
