---
source: crates/test-utils/src/lib.rs
expression: rendered
input_file: crates/uitest/tests/fixtures/parse/fallback_with_non_unit_return/main.solc
---
error[SC0001]: fallback function must return unit (`()`)
 --> /main/main.solc:2:23
  |
1 | contract Bad {
2 |   fallback() returns (word) {}
  |                       ^^^^
3 |
  |
  = note: while parsing fallback definition
