---
source: crates/test-utils/src/lib.rs
expression: rendered
input_file: crates/uitest/tests/fixtures/typeck/generated_dispatch_requires_explicit_imports/main.solc
---
error[SC0101]: undefined name: Contract
 --> /main/main.solc:1:10
  |
1 | contract C {
  |          ^ unknown name
2 |   function echo(value: uint256) public returns (uint256) { return value; }
3 | }
  |
---

error[SC0101]: undefined name: Fallback
 --> /main/main.solc:1:10
  |
1 | contract C {
  |          ^ unknown name
2 |   function echo(value: uint256) public returns (uint256) { return value; }
3 | }
  |
---

error[SC0101]: undefined name: Method
 --> /main/main.solc:1:10
  |
1 | contract C {
  |          ^ unknown name
2 |   function echo(value: uint256) public returns (uint256) { return value; }
3 | }
  |
  = help: did you mean `echo`?
---

error[SC0101]: undefined name: Proxy
 --> /main/main.solc:1:10
  |
1 | contract C {
  |          ^ unknown name
2 |   function echo(value: uint256) public returns (uint256) { return value; }
3 | }
  |
---

error[SC0101]: undefined name: RunContract
 --> /main/main.solc:1:10
  |
1 | contract C {
  |          ^ unknown name
2 |   function echo(value: uint256) public returns (uint256) { return value; }
3 | }
  |
---

error[SC0101]: undefined name: fallback_default_implementation
 --> /main/main.solc:1:10
  |
1 | contract C {
  |          ^ unknown name
2 |   function echo(value: uint256) public returns (uint256) { return value; }
3 | }
  |
---

error[SC0103]: undefined type constructor: NonPayable
 --> /main/main.solc:1:10
  |
1 | contract C {
  |          ^ undefined type constructor
2 |   function echo(value: uint256) public returns (uint256) { return value; }
3 | }
  |
---

error[SC0103]: undefined type constructor: Proxy
 --> /main/main.solc:1:10
  |
1 | contract C {
  |          ^ undefined type constructor
2 |   function echo(value: uint256) public returns (uint256) { return value; }
3 | }
  |
---

error[SC0103]: undefined type constructor: NonPayable
 --> /main/main.solc:2:3
  |
1 | contract C {
2 |   function echo(value: uint256) public returns (uint256) { return value; }
  |   ^^^^^^^^^^^^^^^^^^^^^^^^^^^^^^^^^^^^^^^^^^^^^^^^^^^^^^ undefined type constructor
3 | }
  |
---

error[SC0103]: undefined type constructor: Proxy
 --> /main/main.solc:2:3
  |
1 | contract C {
2 |   function echo(value: uint256) public returns (uint256) { return value; }
  |   ^^^^^^^^^^^^^^^^^^^^^^^^^^^^^^^^^^^^^^^^^^^^^^^^^^^^^^ undefined type constructor
3 | }
  |
---

error[SC0103]: undefined type constructor: string
 --> /main/main.solc:2:3
  |
1 | contract C {
2 |   function echo(value: uint256) public returns (uint256) { return value; }
  |   ^^^^^^^^^^^^^^^^^^^^^^^^^^^^^^^^^^^^^^^^^^^^^^^^^^^^^^ undefined type constructor
3 | }
  |
---

error[SC0105]: undefined trait: SigString
 --> /main/main.solc:2:3
  |
1 | contract C {
2 |   function echo(value: uint256) public returns (uint256) { return value; }
  |   ^^^^^^^^^^^^^^^^^^^^^^^^^^^^^^^^^^^^^^^^^^^^^^^^^^^^^^ undefined trait
3 | }
  |
---

error[SC0231]: ABI output cannot be represented in the ABI: <error>
 --> /main/main.solc:2:3
  |
1 | contract C {
2 |   function echo(value: uint256) public returns (uint256) { return value; }
  |   ^^^^^^^^^^^^^^^^^^^^^^^^^^^^^^^^^^^^^^^^^^^^^^^^^^^^^^ unsupported ABI type
3 | }
  |
---

error[SC0231]: ABI parameter cannot be represented in the ABI: <error>
 --> /main/main.solc:2:3
  |
1 | contract C {
2 |   function echo(value: uint256) public returns (uint256) { return value; }
  |   ^^^^^^^^^^^^^^^^^^^^^^^^^^^^^^^^^^^^^^^^^^^^^^^^^^^^^^ unsupported ABI type
3 | }
  |
---

error[SC0231]: echo cannot be represented in the ABI: <error>
 --> /main/main.solc:2:3
  |
1 | contract C {
2 |   function echo(value: uint256) public returns (uint256) { return value; }
  |   ^^^^^^^^^^^^^^^^^^^^^^^^^^^^^^^^^^^^^^^^^^^^^^^^^^^^^^ unsupported ABI type
3 | }
  |
---

error[SC0103]: undefined type constructor: uint256
 --> /main/main.solc:2:24
  |
1 | contract C {
2 |   function echo(value: uint256) public returns (uint256) { return value; }
  |                        ^^^^^^^ undefined type constructor
3 | }
  |
---

error[SC0103]: undefined type constructor: uint256
 --> /main/main.solc:2:49
  |
1 | contract C {
2 |   function echo(value: uint256) public returns (uint256) { return value; }
  |                                                 ^^^^^^^ undefined type constructor
3 | }
  |
