---
source: crates/test-utils/src/lib.rs
expression: rendered
input_file: crates/uitest/tests/fixtures/nameres/ergo_undef_constructor/main.solc
---
error[SC0101]: undefined name: Option.Nope
 --> /main/main.solc:5:12
  |
4 |   match o {
5 |   | Option.Nope => return 0;
  |            ^^^^ unknown name
6 |   | Option.Some(v) => return v;
  |
  = help: did you mean `Option.None`?
