---
source: crates/test-utils/src/lib.rs
expression: rendered
input_file: crates/uitest/tests/fixtures/parse/pragma_missing_name/main.solc
---
error[SC0001]: parse error: unexpected `;`
 --> /main/main.solc:1:8
  |
1 | pragma ;
  |        ^ unexpected token
  |
  = note: expecting solcore, or solidity or abicoder
  = note: while parsing pragma declaration
