---
source: crates/test-utils/src/lib.rs
expression: rendered
input_file: crates/uitest/tests/fixtures/parse/ergo_contract_missing_name/main.solc
---
error[SC0001]: parse error: unexpected `{`
 --> /main/main.solc:1:10
  |
1 | contract {
  |          ^ unexpected token
2 |     function f() -> word {
3 |         return 1;
  |
  = note: expecting identifier
  = note: while parsing contract declaration
