---
source: crates/test-utils/src/lib.rs
expression: rendered
input_file: crates/uitest/tests/fixtures/parse/ergo_contract_missing_name/main.solc
---
error: unexpected `{`; expected different token while parsing contract declaration
 --> /main/main.solc:1:10
  |
1 | contract {
  |          ^
2 |     function f() -> word {
3 |         return 1;
  |
