---
source: crates/test-utils/src/lib.rs
expression: rendered
input_file: crates/uitest/tests/fixtures/typeck/shorthand_constructor_assignment_mismatch/main.solc
---
error[SC0201]: type mismatch: expected word, got bool
 --> /main/main.solc:5:13
  |
4 |   let x : Option;
5 |   x = .Some(true);
  |             ^^^^ expression has mismatched type
6 |   return 0;
  |
