---
source: crates/test-utils/src/lib.rs
expression: rendered
input_file: crates/uitest/tests/fixtures/typeck/ergo_hull_asm_call_arity/main.solc
---
error[SC0203]: wrong arity for Yul call `dbl`: expected 1, got 2
 --> /main/main.solc:8:12
  |
7 |       }
8 |       x := dbl(1, 2)
  |            ^^^^^^^^^ wrong arity here
9 |     }
  |
