---
source: crates/test-utils/src/lib.rs
expression: rendered
input_file: crates/uitest/tests/fixtures/typeck/storage_mapping_compound_add_bool/main.solc
---
error[SC0207]: cannot satisfy trait constraint: bool: Add
  --> /main/main.solc:22:38
   |
21 |   m: mapping(word => bool);
22 |   function f(k: word) returns (()) { m[k] += true; }
   |                                      ^^^^^^^^^^^^ constraint originates here
23 |   function main() returns (()) { return (); }
   |
   = note: no visible impl matches `bool: Add`
   = help: add a matching impl or strengthen the surrounding type context
