---
source: crates/test-utils/src/lib.rs
expression: rendered
input_file: crates/uitest/tests/fixtures/parse/public_constructor/main.solc
---
error[SC0001]: constructor is implicitly public; remove the 'public' keyword
 --> /main/main.solc:2:3
  |
1 | contract Bad {
2 |   public constructor() {}
  |   ^^^^^^
3 |
  |
  = note: while parsing constructor definition
