---
source: crates/parser/tests/diagnostics.rs
expression: value
input_file: crates/parser/tests/fixtures/corpus/fail/test/examples/invokable/026capture.solc
---
error[SC0001]: parse error: unexpected `instance`
  --> /026capture.solc:31:1
   |
30 |
31 | instance Lam1Closure(a) : Invokable(a,Word) {
   | ^^^^^^^^ unexpected token
32 |   function invoke(clos: Lam1Closure(a), arg:a) -> Word {
   |
   = note: expecting `;`, or `|`
   = note: while parsing data declaration
