---
source: crates/parser/tests/diagnostics.rs
expression: value
input_file: crates/parser/tests/fixtures/corpus/fail/test/examples/invokable/031enum.solc
---
error: unexpected `instance`; expected `(`, `;`, or `|` while parsing data declaration
  --> /031enum.solc:15:1
   |
14 |
15 | instance Color : Enum {
   | ^^^^^^^^
16 |   function fromEnum(c) {
   |
