---
source: crates/parser/tests/diagnostics.rs
expression: value
input_file: crates/parser/tests/fixtures/corpus/fail/test/examples/invokable/031enum.solc
---
error[SC0001]: parse error: unexpected `instance`
  --> /031enum.solc:15:1
   |
14 |
15 | instance Color : Enum {
   | ^^^^^^^^ unexpected token
16 |   function fromEnum(c) {
   |
   = note: expecting `(`, `;`, or `|`
   = note: while parsing data declaration
