---
source: crates/test-utils/src/lib.rs
expression: rendered
input_file: crates/uitest/tests/fixtures/specialize/polyrec_type_size_fuel/main.solc
---
error[SPECIALIZE]: specialization type size exceeded at 4096 type nodes
 --> /main/main.solc:2:10
  |
1 | forall a . function go(x: a) -> word {
2 |   return go((x, x));
  |          ^^^^^^^^^^ specialization failed here
3 | }
  |
