---
source: crates/test-utils/src/lib.rs
expression: rendered
input_file: crates/uitest/tests/fixtures/typeck/shorthand_constructor_no_context/main.solc
---
error[SC0106]: unqualified constructor: Some
 --> /main/main.solc:4:11
  |
3 | function noContext() returns (word) {
4 |   let x = Some(1);
  |           ^^^^ constructor must be qualified
5 |   return 0;
  |
  = help: use `Option.Some`
