---
source: crates/test-utils/src/lib.rs
expression: rendered
input_file: crates/uitest/tests/fixtures/typeck/shorthand_constructor_no_context/main.solc
---
error[SC0224]: cannot resolve shorthand constructor `.Some`: cannot resolve without expected constructor type
 --> /main/main.solc:4:11
  |
3 | function noContext() -> word {
4 |   let x = .Some(1);
  |           ^^^^^^^^ shorthand constructor
5 |   return 0;
  |
