---
source: crates/test-utils/src/lib.rs
expression: rendered
input_file: crates/uitest/tests/fixtures/nameres/unqualified_ctor_expr/main.solc
---
error[SC0106]: unqualified constructor: on
  --> /main/main.solc:11:15
   |
10 | function main() -> word {
11 |   return pick(on);
   |               ^^ constructor must be qualified
12 | }
   |
   = note: use Type.Constructor form
