---
source: crates/test-utils/src/lib.rs
expression: rendered
input_file: crates/uitest/tests/fixtures/typeck/ergo_forall_tyvar_mismatch/main.solc
---
error[SC0207]: cannot satisfy trait constraint: a: Int
 --> /main/main.solc:1:16
  |
1 | function ident<a>(x: a) returns (a) {
  |                ^ constraint originates here
2 |   return 1;
3 | }
  |
  = note: no visible impl matches `a: Int`
  = help: add a matching impl or strengthen the surrounding type context
