---
source: crates/test-utils/src/lib.rs
expression: rendered
input_file: crates/uitest/tests/fixtures/typeck/ergo_forall_tyvar_mismatch/main.solc
---
error[SC0207]: cannot satisfy class constraint: a : Int
 --> /main/main.solc:1:8
  |
1 | forall a . function ident(x: a) -> a {
  |        ^ constraint originates here
2 |   return 1;
3 | }
  |
  = note: no visible instance matches `a : Int`
  = help: add a matching instance or strengthen the surrounding type context
