---
source: crates/test-utils/src/lib.rs
expression: rendered
input_file: crates/uitest/tests/fixtures/typeck/shorthand_constructor_ambiguous/main.solc
---
error[SC0108]: duplicate declaration `Choice.Same` in term namespace
 --> /main/main.solc:1:27
  |
1 | enum Choice { Same(word), Same(bool) };
  |               ----        ^^^^ duplicate declaration
  |               |
  |               previous declaration
2 |
3 | function ambiguous() returns (Choice) {
  |
