---
source: crates/test-utils/src/lib.rs
expression: rendered
input_file: crates/uitest/tests/fixtures/parse/instance_missing_head/main.solc
---
error[SC0001]: parse error: unexpected `{`
 --> /main/main.solc:1:10
  |
1 | instance {}
  |          ^ unexpected token
  |
  = note: expecting `(`, `=>`, or predicate
  = note: while parsing instance declaration
