---
source: crates/test-utils/src/lib.rs
expression: rendered
input_file: crates/uitest/tests/fixtures/typeck/audit_class_as_type_lowering/main.solc
---
error[SC0229]: trait name used as type: `C`
 --> /main/main.solc:4:10
  |
3 | function class_annotation() returns (word) {
4 |   let x: C;
  |          ^ trait is not a type
5 |   return 0;
  |
---

error[SC0229]: trait name used as type: `Int`
  --> /main/main.solc:9:10
   |
 8 | function builtin_class_annotation() returns (word) {
 9 |   let x: Int = 1;
   |          ^^^ trait is not a type
10 |   return x;
   |
