---
source: crates/test-utils/src/lib.rs
expression: rendered
input_file: crates/uitest/tests/fixtures/typeck/nested_constructor_unreachable/main.solc
---
warning[SC0303]: unreachable match arm
 --> /main/main.solc:7:3
  |
6 |   case Outer.Wrap(_) { return 0; }
7 |   case Outer.Wrap(Inner.A) { return 1; }
  |   ^^^^^^^^^^^^^^^^^^^^^^^^^^^^^^^^^^^^^^ this arm is unreachable
8 |   case Outer.Other { return 2; }
  |
  = note: this arm is covered by previous match arms
