---
source: crates/test-utils/src/lib.rs
expression: rendered
input_file: crates/uitest/tests/fixtures/parse/ergo_keyword_as_ident/main.solc
---
error: unexpected `match`; expected different token while parsing function signature
 --> /main/main.solc:1:10
  |
1 | function match(x : word) -> word {
  |          ^^^^^
2 |     return x;
3 | }
  |
