---
source: crates/test-utils/src/lib.rs
expression: rendered
input_file: crates/uitest/tests/fixtures/typeck/manual_abi_nested_representations/main.sol
---
error[SC0231]: public function `inspect` ABI for contract `C` cannot use visible manual `ABIEncode` evidence
  --> /main/main.sol:17:3
   |
16 | contract C {
17 |   function inspect(value: Box<Wrap<X>>) public returns (Box<Wrap<X>>) {
   |   ^^^^^^^^^^^^^^^^^^^^^^^^^^^^^^^^^^^^^^^^^^^^^^^^^^^^^^^^^^^^^^^^^^^ external ABI evidence must be compiler-owned and canonical
18 |     return value;
   |
   = note: impl `ABIEncode` can override canonical `ABIEncode` behavior
   = help: remove the visible manual ABI impl or keep this declaration out of the external ABI
