---
source: crates/test-utils/src/lib.rs
expression: rendered
input_file: crates/uitest/tests/fixtures/comptime/ct_asm_ret/main.solc
---
error[SC0411]: integer type survived comptime erasure: return type in 'main_ComptimeAsmRet_loadFromStorage_dc6783c5c': comptime word
  --> /main/main.solc:7:3
   |
 6 |   contract ComptimeAsmRet {
 7 | /   function loadFromStorage() -> comptime word {
 8 | |     let v : word;
 9 | |     assembly {
10 | |       v := sload(0)
11 | |     }
12 | |     return v;
13 | |   }
   | |___^ comptime-only type remains here
14 |     function main() -> word {
   |
---

error[SC0409]: comptime evaluation failed: function annotated '-> comptime' returns a runtime expression
  --> /main/main.solc:12:5
   |
11 |     }
12 |     return v;
   |     ^^^^^^^^^ comptime evaluation failed here
13 |   }
   |
