---
source: crates/test-utils/src/lib.rs
expression: rendered
input_file: crates/uitest/tests/fixtures/solver/imported_pragma_does_not_suppress_local/main.solc
---
error[SC0212]: Coverage condition fails for trait:
               C
               - the type:
               List<b>
               does not determine:
               a
 --> /main/main.solc:7:12
  |
6 |
7 | impl<a, b> C<List<b>, a, List<a>> {}
  |            ^^^^^^^^^^^^^^^^^^^^^^ impl head does not determine these variables
8 | impl<x> C<x, word, word> where x: C<word, word> {}
  |
---

error[SC0213]: impl `x: C<word, word>` does not satisfy the Patterson conditions
 --> /main/main.solc:8:9
  |
6 |
7 | impl<a, b> C<List<b>, a, List<a>> {}
8 | impl<x> C<x, word, word> where x: C<word, word> {}
  |         ^^^^^^^^^^^^^^^^ impl head violates Patterson condition
  |
  = note: each impl constraint must be structurally smaller than the impl head
  = help: remove the recursive constraint, add a more specific impl, or use the Patterson-condition pragma intentionally
---

error[SC0218]: Overlapping impls are not supported
               impl:
               x: C<word, word>
               overlaps with:
               List<_>: C<_, List<_>>
 --> /main/main.solc:8:9
  |
6 |
7 | impl<a, b> C<List<b>, a, List<a>> {}
  |            ---------------------- previous overlapping impl
8 | impl<x> C<x, word, word> where x: C<word, word> {}
  |         ^^^^^^^^^^^^^^^^ overlapping impl
