---
source: crates/test-utils/src/lib.rs
expression: rendered
input_file: crates/uitest/tests/fixtures/parse/excessive_conditional_nesting/main.solc
---
error[SC0001]: conditional expression nesting exceeds the compiler limit of 32
  --> /main/main.solc:35:22
   |
34 |                 true ? 0 :
35 |                 true ? 0 :
   |                      ^
36 |                 true ? 0 :
   |
