---
source: crates/test-utils/src/lib.rs
expression: rendered
input_file: crates/uitest/tests/fixtures/parse/body_invalid_token/main.solc
---
error[SC0001]: invalid token `§`
 --> /main/main.solc:1:41
  |
1 | function main() returns (word) { return §; }
  |                                         ^ invalid token
