---
source: crates/test-utils/src/lib.rs
expression: rendered
input_file: crates/uitest/tests/fixtures/parse/ergo_function_missing_params/main.solc
---
error[SC0001]: parse error: unexpected `returns`
 --> /main/main.solc:1:12
  |
1 | function f returns (word) {
  |            ^^^^^^^ unexpected token
2 |     return 1;
3 | }
  |
  = note: expecting `(`, or type parameter list
  = note: keywords cannot be used as identifiers; choose a different name
  = note: while parsing function signature
