---
source: crates/test-utils/src/lib.rs
expression: rendered
input_file: crates/uitest/tests/fixtures/typeck/let_unannotated_literal/main.solc
---
error[SC0299]: Ambiguous infered type
 --> /main/main.solc:1:22
  |
1 |   function f() -> word {
  |  ______________________^
2 | |   let y = 7;
3 | |   return 0;
4 | | }
  | |_^ ambiguous inferred type
  |
  = note: forall _ . _:Int => () -> word
  = note: add a type signature to fix the ambiguous type variable
