---
source: crates/test-utils/src/lib.rs
expression: rendered
input_file: crates/uitest/tests/fixtures/typeck/let_unannotated_literal/main.solc
---
error[SC0299]: ambiguous inferred type
 --> /main/main.solc:1:29
  |
1 |   function f() returns (word) {
  |  _____________________________^
2 | |   let y = 7;
3 | |   return 0;
4 | | }
  | |_^ ambiguous inferred type
  |
  = note: <_> function() returns (word) where _: Int
  = help: add a type annotation or a matching impl to fix the ambiguous type variable
