---
source: crates/test-utils/src/lib.rs
expression: rendered
input_file: crates/uitest/tests/fixtures/parse/trailing_constructor_comma/main.solc
---
error[SC0001]: parse error: unexpected `)`
 --> /main/main.solc:1:17
  |
1 | data D = C(word,);
  |                 ^ unexpected token
  |
  = note: expecting type
  = note: while parsing data declaration
