---
source: crates/test-utils/src/lib.rs
expression: rendered
input_file: crates/uitest/tests/fixtures/nameres/ergo_import_symbol_typo/main.solc
---
error[SC0110]: unknown import item `valu`
 --> /main/main.solc:1:14
  |
1 | import util.{valu};
  |              ^^^^ unknown import item
2 |
3 | function main() -> word {
  |
  = note: `valu` is not exported by module `util`
  = help: did you mean `value`?
  = help: check the imported module's exported names
