---
source: crates/test-utils/src/lib.rs
expression: rendered
input_file: crates/uitest/tests/fixtures/comptime/ergo_ct_let_runtime_param/main.solc
---
error[SC0401]: cannot specialize expression: free type variable in _
 --> /main/main.solc:7:33
  |
6 |   function scale(k : word) -> word {
7 |     let c : comptime word = k + 1;
  |                                 ^ type must be concrete here
8 |     return c;
  |
