---
source: crates/test-utils/src/lib.rs
expression: rendered
input_file: crates/uitest/tests/fixtures/nameres/unqualified_ctor_imported/main.solc
---
error[SC0106]: unqualified constructor: Ok
 --> /main/main.solc:5:10
  |
4 | function mk(x: word) returns (Token) {
5 |   return Ok(x);
  |          ^^ constructor must be qualified
6 | }
  |
  = help: use Type.Constructor form
---

error[SC0106]: unqualified constructor: Ok
  --> /main/main.solc:10:8
   |
 9 |   match (t) {
10 |   case Ok(v) { return v; }
   |        ^^ constructor must be qualified
11 |   case Token.Err(v) { return v; }
   |
   = help: use Type.Constructor form
