---
source: crates/test-utils/src/lib.rs
expression: rendered
input_file: crates/uitest/tests/fixtures/typeck/ergo_recovery_no_cascade/main.solc
---
error[SC0201]: type mismatch: expected (word, word), found bool
 --> /main/main.solc:8:17
  |
7 | function f() -> word {
8 |   let x = first(true);
  |                 ^^^^ expression has mismatched type
9 |   return x;
  |
  = note: expected type: (word, word)
  = note: found type: bool
---

error[SC0201]: type mismatch: expected numeric, found bool
  --> /main/main.solc:13:10
   |
12 | function g() -> bool {
13 |   return 42;
   |          ^^ expression has mismatched type
14 | }
   |
   = note: expected type: numeric
   = note: found type: bool
