---
source: crates/test-utils/src/lib.rs
expression: rendered
input_file: crates/uitest/tests/fixtures/parse/ergo_hull_empty_match/main.solc
---
error: unexpected `match`; expected `!`, `(`, `.`, `@`, `if`, or `lam`
 --> /main/main.solc:4:3
  |
3 | function impossible(b : B) -> word {
4 |   match b {
  |   ^^^^^
5 |   }
  |
---

error: unexpected `}`; expected `%=`, `&&`, `&=`, `&`, `(`, `+=`, `-=`, `.`, `:`, `;`, `=`, `?`, `[`, `^=`, `^`, `|=`, `|`, `||`, end of input, or statement
 --> /main/main.solc:5:3
  |
4 |   match b {
5 |   }
  |   ^
6 | }
  |
