---
source: crates/test-utils/src/lib.rs
expression: rendered
input_file: crates/uitest/tests/fixtures/parse/multiple_errors_continue/main.solc
---
error: import declaration requires trailing `;` while parsing import declaration
 --> /main/main.solc:2:1
  |
1 | import core.math
2 | function bad() {
  | ^^^^^^^^
3 |     let x = ;
  |
---

error: unexpected `let`; expected `!`, `(`, `.`, `@`, `if`, or `lam`
 --> /main/main.solc:3:5
  |
2 | function bad() {
3 |     let x = ;
  |     ^^^
4 |     return 1;
  |
