---
source: crates/test-utils/src/lib.rs
expression: rendered
input_file: crates/uitest/tests/fixtures/typeck/yul_opcode_errors/main.solc
---
error[SC0203]: wrong arity for Yul call `add`: expected 2, got 1
 --> /main/main.solc:4:16
  |
3 |   assembly {
4 |     let one := add(1)
  |                ^^^^^^ wrong arity here
5 |     let two := add("bad", 1)
  |
---

error[SC0201]: type mismatch: expected word, got string
 --> /main/main.solc:5:20
  |
4 |     let one := add(1)
5 |     let two := add("bad", 1)
  |                    ^^^^^ expression has mismatched type
6 |     x := mstore(1, 1)
  |
---

error[SC0203]: wrong arity for Yul assignment: expected 1, got 0
 --> /main/main.solc:6:5
  |
5 |     let two := add("bad", 1)
6 |     x := mstore(1, 1)
  |     ^^^^^^^^^^^^^^^^^ wrong arity here
7 |     x := add(missing, 1)
  |
---

error[SC0211]: unknown Yul identifier or function: missing
 --> /main/main.solc:7:14
  |
6 |     x := mstore(1, 1)
7 |     x := add(missing, 1)
  |              ^^^^^^^ unknown Yul name
8 |   }
  |
