---
source: crates/nameres/tests/module_system.rs
expression: rendered
input_file: crates/nameres/tests/fixtures/fail/duplicate_selector/main.solc
---
error[SC0117]: duplicate name `value` in selective import
 --> /main/main.solc:1:21
  |
1 | import util.{value, value};
  |              -----  ^^^^^ duplicate selected import
  |              |
  |              first selected import with this name
  |
  = note: list each selected or hidden name only once
