---
source: crates/test-utils/src/lib.rs
expression: rendered
input_file: crates/uitest/tests/fixtures/solver/coverage_condition_alias_expansion/main.solc
---
error[SC0212]: Coverage condition fails for trait:
               MyClass
               - the type:
               word
               does not determine:
               a
 --> /main/main.solc:4:9
  |
2 | trait MyClass<a, b> {}
3 |
4 | impl<a> MyClass<Phantom<a>, a> {}
  |         ^^^^^^^^^^^^^^^^^^^^^^ impl head does not determine these variables
