---
source: crates/test-utils/src/lib.rs
expression: rendered
input_file: crates/uitest/tests/fixtures/typeck/ergo_arg_type_mismatch/main.solc
---
error[SC0201]: type mismatch: expected adt:Color, got bool
 --> /main/main.solc:8:19
  |
7 | function go() -> Color {
8 |   return paint(1, true);
  |                   ^^^^ expression has mismatched type
9 | }
  |
