---
source: crates/test-utils/src/lib.rs
expression: rendered
input_file: crates/uitest/tests/fixtures/solver/patterson_condition/main.solc
---
error[SC0213]: impl `U: C1` does not satisfy the Patterson conditions
 --> /main/main.solc:4:9
  |
2 | trait C2<a> {}
3 |
4 | impl<U> C1<U> where U: C1, U: C2 {}
  |         ^^^^^ impl head violates Patterson condition
  |
  = note: each impl constraint must be structurally smaller than the impl head
  = help: remove the recursive constraint, add a more specific impl, or use the Patterson-condition pragma intentionally
