---
source: crates/test-utils/src/lib.rs
expression: rendered
input_file: crates/uitest/tests/fixtures/typeck/match_branch_mismatch/main.solc
---
error[SC0201]: type mismatch: expected word, got bool
 --> /main/main.solc:4:21
  |
3 |   | true => return 1;
4 |   | false => return true;
  |                     ^^^^ expression has mismatched type
5 |   }
  |
