---
source: crates/test-utils/src/lib.rs
expression: rendered
input_file: crates/uitest/tests/fixtures/parse/import_selector_unterminated/main.solc
---
error[SC0001]: parse error: unexpected end of input
 --> /main/main.solc:1:10
  |
1 | import {
  |         ^ unexpected token
  |
  = note: while parsing import declaration
