---
source: crates/nameres/tests/module_system.rs
expression: rendered
input_file: crates/nameres/tests/fixtures/fail/duplicate_qualifier/main.solc
---
error[SC0116]: duplicate import qualifier `bar`
 --> /main/main.solc:2:12
  |
1 | import foo.bar;
  |            --- first qualifier with this name
2 | import baz.bar;
  |            ^^^ duplicate import qualifier
  |
  = note: use an explicit alias to disambiguate one of the imports
