---
source: crates/test-utils/src/lib.rs
expression: rendered
input_file: crates/uitest/tests/fixtures/specialize/ergo_free_tyvar_ctor/main.solc
---
error[SPECIALIZE]: cannot specialize expression: free type variable in adt:Option(_)
  --> /main/main.solc:10:13
   |
 9 |   function main() -> word {
10 |     let x = Option.None;
   |             ^^^^^^^^^^^ specialization failed here
11 |     return 1;
   |
