---
source: crates/nameres/tests/module_system.rs
expression: rendered
input_file: crates/nameres/tests/fixtures/fail/missing/main.solc
---
error[SC0109]: module not found: missing
 --> /main/main.solc:1:1
  |
1 | import missing.{value};
  | ^^^^^^^^^^^^^^^^^^^^^^^ module reference
  |
  = note: check the module path or add the missing source file
