---
source: crates/test-utils/src/lib.rs
expression: rendered
input_file: crates/uitest/tests/fixtures/typeck/canonical_location_wrapper_user_adt_payload/main.solc
---
error[SC0207]: cannot satisfy trait constraint: Contract<Method<DispatchNameTy_C_roundtrip, NonPayable, Point memory, word, function(Point memory) returns (word)>, Fallback<NonPayable, (), (), function() returns (())>>: RunContract
 --> /main/main.solc:6:10
  |
5 |
6 | contract C {
  |          ^ constraint originates here
7 |   function roundtrip(value: Point memory) public returns (word) { return 0; }
  |
  = note: no visible impl matches `Contract<Method<DispatchNameTy_C_roundtrip, NonPayable, Point memory, word, function(Point memory) returns (word)>, Fallback<NonPayable, (), (), function() returns (())>>: RunContract`
  = help: add a matching impl or strengthen the surrounding type context
---

error[SC0231]: ABI parameter cannot be represented in the ABI: adt:Point (only memory(string) and memory(bytes) have canonical ABI evidence)
 --> /main/main.solc:7:3
  |
6 | contract C {
7 |   function roundtrip(value: Point memory) public returns (word) { return 0; }
  |   ^^^^^^^^^^^^^^^^^^^^^^^^^^^^^^^^^^^^^^^^^^^^^^^^^^^^^^^^^^^^^ unsupported ABI type
8 | }
  |
---

error[SC0231]: roundtrip cannot be represented in the ABI: adt:Point (only memory(string) and memory(bytes) have canonical ABI evidence)
 --> /main/main.solc:7:3
  |
6 | contract C {
7 |   function roundtrip(value: Point memory) public returns (word) { return 0; }
  |   ^^^^^^^^^^^^^^^^^^^^^^^^^^^^^^^^^^^^^^^^^^^^^^^^^^^^^^^^^^^^^ unsupported ABI type
8 | }
  |
