---
source: crates/test-utils/src/lib.rs
expression: rendered
input_file: crates/uitest/tests/fixtures/parse/function_signature_missing_type/main.solc
---
error[SC0001]: parse error: unexpected `)`
 --> /main/main.solc:1:17
  |
1 | function bad(x: ) {}
  |                 ^ unexpected token
  |
  = note: expecting type
  = note: while parsing function parameter
