---
source: crates/test-utils/src/lib.rs
expression: rendered
input_file: crates/uitest/tests/fixtures/parse/keyword_comptime_identifier/main.solc
---
error[SC0001]: parse error: unexpected `)`
 --> /main/main.solc:1:20
  |
1 | function f(comptime) returns (word) { return comptime; }
  |                    ^ unexpected token
  |
  = note: expecting identifier
  = note: while parsing function parameter
---

error[SC0001]: parse error: unexpected `comptime`
 --> /main/main.solc:1:46
  |
1 | function f(comptime) returns (word) { return comptime; }
  |                                              ^^^^^^^^ unexpected token
  |
  = note: expecting `!`, `(`, `@`, or `lam`
