---
source: crates/test-utils/src/lib.rs
expression: rendered
input_file: crates/uitest/tests/fixtures/specialize/free_type_variable/main.solc
---
error[SC0401]: cannot specialize expression: type is not concrete
 --> /main/main.solc:8:13
  |
7 |   public function main() -> () {
8 |     let x = leak();
  |             ^^^^^^ type must be concrete here
9 |     return ();
  |
  = note: this can happen when a constructor or expression leaves a type parameter unresolved
  = note: help: add a type annotation that fixes the concrete type
