---
source: crates/test-utils/src/lib.rs
expression: rendered
input_file: crates/uitest/tests/fixtures/solver/coverage_condition/main.solc
---
error[SC0212]: Coverage condition fails for trait:
               MyClass
               - the type:
               Box<a>
               does not determine:
               b
 --> /main/main.solc:4:12
  |
2 | trait MyClass<a, b> {}
3 |
4 | impl<a, b> MyClass<Box<a>, b> {}
  |            ^^^^^^^^^^^^^^^^^^ impl head does not determine these variables
