---
source: crates/test-utils/src/lib.rs
expression: rendered
input_file: crates/uitest/tests/fixtures/solver/poly_int_defaulting/main.solc
---
error[SC0299]: Ambiguous infered type
 --> /main/main.solc:5:22
  |
4 |
5 |   function f() -> word {
  |  ______________________^
6 | |   let y = poly(7);
7 | |   return 0;
8 | | }
  | |_^ ambiguous inferred type
  |
  = note: forall _ . _:Int => () -> word
  = note: add a type signature to fix the ambiguous type variable
