---
source: crates/test-utils/src/lib.rs
expression: rendered
input_file: crates/uitest/tests/fixtures/parse/trailing_import_comma/main.solc
---
error: unexpected `}`; expected `*`, or selector name while parsing import declaration
 --> /main/main.solc:1:16
  |
1 | import m.{a, b,};
  |                ^
