---
source: crates/test-utils/src/lib.rs
expression: rendered
input_file: crates/uitest/tests/fixtures/solver/ergo_ambiguous_defaulting/main.solc
---
error[SC0299]: ambiguous inferred type
  --> /main/main.solc:28:29
   |
27 |
28 |   function f() returns (word) {
   |  _____________________________^
29 | |   return Conv.out(Conv.make(1));
30 | | }
   | |_^ ambiguous inferred type
   |
   = note: <_> function() returns (word) where _: Conv
   = help: add a type annotation or a matching impl to fix the ambiguous type variable
