---
source: crates/test-utils/src/lib.rs
expression: rendered
input_file: crates/uitest/tests/fixtures/solver/ergo_ambiguous_defaulting/main.solc
---
error[SC0207]: unsatisfied class constraint: _:class:Conv
  --> /main/main.solc:29:10
   |
28 | function f() -> word {
29 |   return Conv.out(Conv.make(1));
   |          ^^^^^^^^^^^^^^^^^^^^^^ constraint originates here
30 | }
   |
---

error[SC0207]: unsatisfied class constraint: _:class:Conv
  --> /main/main.solc:29:19
   |
28 | function f() -> word {
29 |   return Conv.out(Conv.make(1));
   |                   ^^^^^^^^^^^^ constraint originates here
30 | }
   |
