---
source: crates/parser/tests/diagnostics.rs
expression: value
input_file: crates/parser/tests/fixtures/fail/assignment_missing_semicolon.solc
---
error: assignment statement requires trailing `;`
 --> /assignment_missing_semicolon.solc:2:3
  |
1 | function bad() {
2 |   x = 1
  |   ^^^^^
3 | }
  |
