---
source: crates/parser/tests/diagnostics.rs
expression: value
input_file: crates/parser/tests/fixtures/fail/class_missing_body_brace.solc
---
error: unexpected end of input; expected `(`, or `{` while parsing predicate
 --> /class_missing_body_brace.solc:1:13
  |
1 | class T: Eq
  |            ^
