---
source: crates/parser/tests/diagnostics.rs
expression: value
input_file: crates/parser/tests/fixtures/fail/data_trailing_pipe.solc
---
error: unexpected `;`; expected different token while parsing data declaration
 --> /data_trailing_pipe.solc:1:28
  |
1 | data Option(T) = Some(T) | ;
  |                            ^
