---
source: crates/parser/tests/diagnostics.rs
expression: value
input_file: crates/parser/tests/fixtures/fail/fallback_with_non_unit_return.solc
---
error: fallback function must return unit (`()`) while parsing fallback definition
 --> /fallback_with_non_unit_return.solc:2:17
  |
1 | contract Bad {
2 |   fallback() -> word {}
  |                 ^^^^
3 |
  |
