---
source: crates/parser/tests/diagnostics.rs
expression: value
input_file: crates/parser/tests/fixtures/fail/fallback_with_params.solc
---
error: fallback function must not declare input parameters while parsing fallback definition
 --> /fallback_with_params.solc:2:11
  |
1 | contract Bad {
2 |   fallback(x: word) {}
  |           ^^^^^^^^^
3 |
  |
