---
source: crates/parser/tests/diagnostics.rs
expression: value
input_file: crates/parser/tests/fixtures/fail/function_signature_missing_type.solc
---
error: unexpected `)`; expected type while parsing function parameter
 --> /function_signature_missing_type.solc:1:17
  |
1 | function bad(x: ) {}
  |                 ^
