---
source: crates/parser/tests/diagnostics.rs
expression: value
input_file: crates/parser/tests/fixtures/fail/match_trailing_semicolon.solc
---
error: unexpected `;`; expected end of input, or statement
 --> /match_trailing_semicolon.solc:4:4
  |
3 |   | _ => return ();
4 |   };
  |    ^
5 | }
  |
