---
source: crates/parser/tests/diagnostics.rs
expression: value
input_file: crates/parser/tests/fixtures/fail/missing_semicolon.solc
---
error: unexpected end of input; expected `.`, or `;` while parsing import declaration
 --> /missing_semicolon.solc:1:18
  |
1 | import core.math
  |                 ^
