---
source: crates/parser/tests/diagnostics.rs
assertion_line: 188
expression: value
input_file: crates/parser/tests/fixtures/fail/multiple_errors_continue.solc
---
error: import declaration requires trailing `;` while parsing import declaration
 --> /multiple_errors_continue.solc:2:1
  |
1 | import core.math
2 | function bad() {
  | ^^^^^^^^
3 |     let x = ;
  |
---

error: unexpected `let`; expected `!`, `(`, `.`, `@`, `if`, or `lam`
 --> /multiple_errors_continue.solc:3:5
  |
2 | function bad() {
3 |     let x = ;
  |     ^^^
4 |     return 1;
  |
