---
source: crates/parser/tests/diagnostics.rs
expression: value
input_file: crates/parser/tests/fixtures/fail/public_constructor.solc
---
error: constructor is implicitly public; remove the 'public' keyword while parsing constructor definition
 --> /public_constructor.solc:2:3
  |
1 | contract Bad {
2 |   public constructor() {}
  |   ^^^^^^
3 |
  |
