---
source: crates/parser/tests/diagnostics.rs
expression: value
input_file: crates/parser/tests/fixtures/fail/type_alias_missing_equals.solc
---
error: unexpected identifier `U`; expected `(`, or `=` while parsing type alias declaration
 --> /type_alias_missing_equals.solc:1:13
  |
1 | type Amount U;
  |             ^
