---
source: crates/test-utils/src/lib.rs
expression: rendered
input_file: crates/uitest/tests/fixtures/typeck/dispatch_name_collision_full/main.solc
---
error[SC0229]: duplicate type definition: DispatchNameTy_C_ping
 --> /main/main.solc:1:6
  |
1 | data DispatchNameTy_C_ping = Collision;
  |      ^^^^^^^^^^^^^^^^^^^^^ duplicate type
2 |
3 | contract C {
4 |   public function ping() -> word {
  |                   ---- existing definition
5 |     return 0;
  |
  = note: rename or remove the duplicate type definition
---

error[SC0234]: contract `C` needs `import std.dispatch.{*};` for generated dispatch
 --> /main/main.solc:3:10
  |
2 |
3 | contract C {
  |          ^ generated dispatch is required for this contract
4 |   public function ping() -> word {
  |
  = note: contract dispatch is provided by `std.dispatch`
  = help: add `import std.dispatch.{*};` to this module
