---
source: crates/test-utils/src/lib.rs
expression: rendered
input_file: crates/uitest/tests/fixtures/typeck/dispatch_name_collision_full/main.solc
---
error[SC0229]: duplicate type definition: DispatchNameTy_C_ping
 --> /main/main.solc:4:6
  |
3 |
4 | enum DispatchNameTy_C_ping { Collision };
  |      ^^^^^^^^^^^^^^^^^^^^^ duplicate type
5 |
6 | contract C {
7 |   function ping() public returns (uint256) {
  |            ---- existing definition
8 |     return uint256.uint256(0);
  |
  = note: rename or remove the duplicate type definition
