---
source: crates/test-utils/src/lib.rs
expression: rendered
input_file: crates/uitest/tests/fixtures/parse/public_fallback/main.solc
---
error[SC0001]: `public` is not allowed on fallback; use `external`
 --> /main/main.solc:2:14
  |
1 | contract Bad {
2 |   fallback() public {}
  |              ^^^^^^
3 |
  |
  = note: while parsing fallback definition
