---
source: crates/test-utils/src/lib.rs
expression: rendered
input_file: crates/uitest/tests/fixtures/typeck/ergo_call_too_many_args/main.solc
---
error[SC0203]: wrong arity for call: expected 1, got 3
 --> /main/main.solc:6:10
  |
5 | function g() -> word {
6 |   return double(1, 2, 3);
  |          ^^^^^^^^^^^^^^^ wrong arity here
7 | }
  |
