---
source: crates/test-utils/src/lib.rs
expression: rendered
input_file: crates/uitest/tests/fixtures/hull/assembly_assign_no_return/main.solc
---
error[SC0445]: inline assembly assignment returns 0 values, expected 1
 --> /main/main.solc:6:12
  |
5 |     assembly {
6 |       x := mstore(1, 1)
  |            ^^^^^^^^^^^^ assembly return count mismatch
7 |     }
  |
