---
source: crates/test-utils/src/lib.rs
expression: rendered
input_file: crates/uitest/tests/fixtures/typeck/audit_literal_vs_opt/main.solc
---
error[SC0201]: type mismatch: expected numeric, found Opt
 --> /main/main.solc:4:10
  |
3 | function f() returns (Opt) {
4 |   return 1;
  |          ^ expression has mismatched type
5 | }
  |
  = note: expected type: numeric
  = note: found type: Opt
