---
source: crates/test-utils/src/lib.rs
expression: rendered
input_file: crates/uitest/tests/fixtures/solver/ergo_inst_method_sig_mismatch/main.solc
---
error[SC0221]: invalid impl member signature for `size`: expected function(Bool) returns (word), got function(Bool) returns (Bool)
 --> /main/main.solc:8:3
  |
7 | impl Sz<Bool> {
8 |   function size(x: Bool) returns (Bool) {
  |   ^^^^^^^^^^^^^^^^^^^^^^^^^^^^^^^^^^^^^ invalid impl method signature
9 |     return x;
  |
  = note: the impl method must match the trait method after substituting the impl head
