---
source: crates/test-utils/src/lib.rs
expression: rendered
input_file: crates/uitest/tests/fixtures/parse/ergo_hull_fallback_args/main.solc
---
error[SC0001]: fallback function must not declare input parameters
  --> /main/main.solc:9:13
   |
 8 |
 9 |     fallback(x: uint256) returns (()) {
   |             ^^^^^^^^^^^^
10 |         revert;
   |
   = note: while parsing fallback definition
