---
source: crates/test-utils/src/lib.rs
expression: rendered
input_file: crates/uitest/tests/fixtures/typeck/nonexhaustive_free_fn/main.solc
---
error[SC0302]: non-exhaustive pattern match
 --> /main/main.solc:4:9
  |
3 | function pick(x : Flag) -> word {
4 |   match x {
  |         ^ non-exhaustive match
5 |   | Flag.Off => return 0;
  |
  = note: missing case: Flag.On
  = note: help: add a clause that covers the missing case
