---
source: crates/test-utils/src/lib.rs
expression: rendered
input_file: crates/uitest/tests/fixtures/typeck/call_wrong_arity/main.solc
---
error[SC0203]: wrong arity for call: expected 1, got 0
 --> /main/main.solc:6:10
  |
5 | function g() -> word {
6 |   return f();
  |          ^^^ wrong arity here
7 | }
  |
