---
source: crates/test-utils/src/lib.rs
expression: rendered
input_file: crates/uitest/tests/fixtures/parse/trailing_call_comma/main.solc
---
error[SC0001]: parse error: unexpected `return`
 --> /main/main.solc:2:24
  |
1 | function g(x: word) -> word { return x; }
2 | function f() -> word { return g(1,); }
  |                        ^^^^^^ unexpected token
  |
  = note: expecting `!`, `(`, `.`, `@`, `if`, or `lam`
