---
source: crates/test-utils/src/lib.rs
expression: rendered
input_file: crates/uitest/tests/fixtures/specialize/ergo_ct_public_param/main.solc
---
error[SC0413]: public function `main` cannot take comptime parameter `x`
 --> /main/main.solc:8:24
  |
7 | contract CtPublicParam {
8 |   public function main(comptime x : word) -> word {
  |                        ^^^^^^^^^^^^^^^^^ public entry parameter is runtime
9 |     return x + x;
  |
  = note: public function parameters are supplied from calldata at runtime
  = note: help: remove `comptime` from the public parameter or call a private comptime helper with a compile-time value
