---
source: crates/test-utils/src/lib.rs
expression: rendered
input_file: crates/uitest/tests/fixtures/nameres/ergo_dup_data_class/main.solc
---
error[SC0108]: duplicate declaration `Shape` in type namespace
 --> /main/main.solc:3:6
  |
1 | enum Shape { Circle(word) };
  |      ----- previous declaration
2 |
3 | enum Shape { Square(word) };
  |      ^^^^^ duplicate declaration
4 |
  |
---

error[SC0108]: duplicate declaration `Render` in type namespace
  --> /main/main.solc:9:7
   |
 4 |
 5 | trait Render<a> {
   |       ------ previous declaration
 6 |   function render(x: a) returns (word);
 7 | }
 8 |
 9 | trait Render<a> {
   |       ^^^^^^ duplicate declaration
10 |   function paint(x: a) returns (word);
   |
