---
source: crates/test-utils/src/lib.rs
expression: rendered
input_file: crates/uitest/tests/fixtures/specialize/integer_erasure/main.solc
---
error[SC0411]: runtime lowering cannot represent `integer` in return type of `main`
 --> /main/main.solc:2:3
  |
1 |   contract C {
2 | /   public function main() -> integer {
3 | |     return 1;
4 | |   }
  | |___^ not representable at runtime
5 |   }
  |
  = note: `integer` and `comptime` values must be eliminated before runtime lowering
  = note: help: evaluate the value at comptime or change it to a runtime-representable type
