---
source: crates/test-utils/src/lib.rs
expression: rendered
input_file: crates/uitest/tests/fixtures/typeck/ergo_pattern_wrong_type/main.solc
---
error[SC0201]: type mismatch: expected Shape, found Color
 --> /main/main.solc:6:5
  |
5 |   match c {
6 |   | Shape.Circle(r) => return r;
  |     ^^^^^^^^^^^^^^^ expression has mismatched type
7 |   }
  |
  = note: expected type: Shape
  = note: found type: Color
