---
source: crates/parser/tests/diagnostics.rs
expression: value
input_file: crates/parser/tests/fixtures/corpus/fail/test/examples/cases/catenable-err.solc
---
error[SC0001]: parse error: unexpected `}`
 --> /catenable-err.solc:3:1
  |
1 | trait Catenable<t> {
2 |   function cat(x:t) returns (bytes memory)
3 | }
  | ^ unexpected token
  |
  = note: expecting `;`, or where clause
  = note: while parsing function signature
