---
source: crates/parser/tests/diagnostics.rs
expression: value
input_file: crates/parser/tests/fixtures/corpus/fail/test/examples/cases/derive-self-return-poc.solc
---
error[SC0001]: invalid token `#`
  --> /derive-self-return-poc.solc:35:1
   |
34 |
35 | #[derive(CloneLike)]
   | ^ invalid token
36 | enum Box<a> { Box(a) }
   |
