---
source: crates/parser/tests/diagnostics.rs
expression: value
input_file: crates/parser/tests/fixtures/corpus/fail/test/examples/cases/fallback-with-return.solc
---
error[SC0001]: fallback function must return unit (`()`)
 --> /fallback-with-return.solc:7:19
  |
6 |
7 |     fallback() -> uint256 {
  |                   ^^^^^^^
8 |         return uint256(0);
  |
  = note: while parsing fallback definition
