---
source: crates/parser/tests/diagnostics.rs
expression: value
input_file: crates/parser/tests/fixtures/corpus/fail/test/examples/cases/fallback-with-args.solc
---
error: fallback function must not declare input parameters while parsing fallback definition
 --> /fallback-with-args.solc:7:13
  |
6 |
7 |     fallback(x: uint256) -> () {
  |             ^^^^^^^^^^^^
8 |         revert("fallback-was-called");
  |
