---
source: crates/parser/tests/diagnostics.rs
expression: value
input_file: crates/parser/tests/fixtures/corpus/fail/test/examples/cases/payable-toplevel-function.solc
---
error[SC0001]: `payable` is only allowed on a function, constructor, or fallback inside a contract
 --> /payable-toplevel-function.solc:3:1
  |
2 | // never on a top-level function. This must fail to parse.
3 | payable function deposit() -> uint256 {
  | ^^^^^^^
4 |     return 0;
  |
  = note: while parsing function signature
