---
source: crates/parser/tests/diagnostics.rs
expression: value
input_file: crates/parser/tests/fixtures/corpus/fail/test/examples/cases/public-top-level-function.solc
---
error: 'public' is only allowed on functions declared inside a contract while parsing function signature
 --> /public-top-level-function.solc:6:1
  |
5 | // top-level function (outside any `contract { … }` body) must be rejected.
6 | public function answer() -> uint256 {
  | ^^^^^^
7 |     return uint256(42);
  |
