---
source: crates/parser/tests/diagnostics.rs
expression: value
input_file: crates/parser/tests/fixtures/corpus/fail/test/examples/cases/public-fallback.solc
---
error[SC0001]: fallback is implicitly public; remove the 'public' keyword
 --> /public-fallback.solc:7:5
  |
6 |
7 |     public fallback() -> () {
  |     ^^^^^^
8 |         revert("fallback-was-called");
  |
  = note: while parsing fallback definition
