---
source: crates/parser/tests/diagnostics.rs
expression: value
input_file: crates/parser/tests/fixtures/corpus/fail/test/examples/cases/StructMembers.solc
---
error: unexpected `data`; expected `;`, or `|` while parsing data declaration
 --> /StructMembers.solc:7:1
  |
6 | data Uint256 = Uint256(Word)
7 | data Bool = True | False
  | ^^^^
8 | data Bytes32 = Bytes32(Word)
  |
