---
source: crates/parser/tests/diagnostics.rs
expression: value
input_file: crates/parser/tests/fixtures/corpus/fail/test/examples/cases/StructMembers.solc
---
error[SC0001]: parse error: unexpected `data`
 --> /StructMembers.solc:7:1
  |
6 | data Uint256 = Uint256(Word)
7 | data Bool = True | False
  | ^^^^ unexpected token
8 | data Bytes32 = Bytes32(Word)
  |
  = note: expecting `;`, or `|`
  = note: while parsing data declaration
