---
source: crates/parser/tests/diagnostics.rs
expression: value
input_file: crates/parser/tests/fixtures/corpus/fail/test/examples/cases/toplevel-constructor.solc
---
error: could not parse top-level item near `constructor() {}`; expected a declaration starting with `import`, `pragma`, `type`, `data`, `class`, `instance`, `contract`, or `function`
 --> /toplevel-constructor.solc:3:1
  |
1 | // A `constructor` may only be declared inside a contract.
2 | // At the top level this must fail to parse.
3 | constructor() {}
  | ^^^^^^^^^^^^^^^^
