---
source: crates/parser/tests/diagnostics.rs
expression: value
input_file: crates/parser/tests/fixtures/corpus/fail/test/examples/cases/user-op-lambda.solc
---
error[SC0001]: could not parse top-level item near `infixl 70 (^^) => pow;`; expected a declaration starting with `import`, `pragma`, `type`, `alias`, `enum`, `struct`, `trait`, `impl`, `contract`, `interface`, `library`, or `function`
 --> /user-op-lambda.solc:6:1
  |
5 |
6 | infixl 70 (^^) => pow;
  | ^^^^^^^^^^^^^^^^^^^^^^
7 |
  |
---

error[SC0001]: parse error: unexpected `^`
  --> /user-op-lambda.solc:17:54
   |
16 |     // operator (^^) used inside a lambda body
17 |     let f = lam (x: word) returns (word) { return x ^^ 3; };
   |                                                      ^ unexpected token
18 |     return f(2);
   |
   = note: expecting `!`, `(`, `@`, or `lam`
