---
source: crates/test-utils/src/lib.rs
expression: rendered
input_file: crates/uitest/tests/fixtures/typeck/ergo_return_type_mismatch_data/main.solc
---
error[SC0201]: type mismatch: expected word, found Color
 --> /main/main.solc:4:10
  |
3 | function pick() -> word {
4 |   return Color.Red;
  |          ^^^^^^^^^ expression has mismatched type
5 | }
  |
  = note: expected type: word
  = note: found type: Color
