---
source: crates/test-utils/src/lib.rs
expression: rendered
input_file: crates/uitest/tests/fixtures/typeck/type_annotation_kind_mismatch/main.solc
---
error[SC0299]: Invalid number of type arguments!
 --> /main/main.solc:3:17
  |
2 |
3 | function f(x: P(word(word))) -> word {
  |                 ^^^^^^^^^^ diagnostic reported here
4 |   return 0;
  |
  = note: Type word is expected to have 0 type arguments
  = note: but, type word(word) has 1 arguments
