---
source: crates/test-utils/src/lib.rs
expression: rendered
input_file: crates/uitest/tests/fixtures/parse/ergo_two_errors_recovery/main.solc
---
error[SC0001]: parse error: unexpected `;`
 --> /main/main.solc:2:13
  |
1 | function f() -> word {
2 |     let x = ;
  |             ^ unexpected token
3 |     return 0;
  |
  = note: expecting expression after `=`
---

error[SC0001]: parse error: unexpected `;`
  --> /main/main.solc:12:14
   |
11 | function h() -> word {
12 |     return (1;
   |              ^ unexpected token
13 | }
   |
   = note: expecting `&&`, `&`, `(`, `)`, `,`, `.`, `:`, `?`, `[`, `^`, `|`, or `||`
