---
source: crates/test-utils/src/lib.rs
expression: rendered
input_file: crates/uitest/tests/fixtures/typeck/call_arg_defined_here/main.solc
---
error[SC0201]: argument type mismatch in call to `paint`
 --> /main/main.solc:4:21
  |
3 | function go() -> L.Color {
4 |   return L.paint(1, true);
  |                     ^^^^ argument has mismatched type
5 | }
  |
 ::: /main/lib.solc:4
  |
4 |
5 | function paint(name: word, c: Color) -> Color {
  |                            - parameter `c` defined here
6 |   return c;
  |
  = note: expected `Color` because parameter `c` of `paint` has type `Color`
  = note: found type: bool
  = note: `paint` has signature `paint(name: word, c: Color) -> Color`
