---
source: crates/test-utils/src/lib.rs
expression: rendered
input_file: crates/uitest/tests/fixtures/typeck/audit_value_namespace_matrix/main.solc
---
error[SC0228]: type name used as value: `Opt`
  --> /main/main.solc:9:10
   |
 8 | function adt_value() returns (word) {
 9 |   return Opt;
   |          ^^^ not a value
10 | }
   |
   = help: use a constructor or value binding here, not a namespace name
---

error[SC0228]: type name used as value: `Alias`
  --> /main/main.solc:13:10
   |
12 | function alias_value() returns (word) {
13 |   return Alias;
   |          ^^^^^ not a value
14 | }
   |
   = help: use a constructor or value binding here, not a namespace name
---

error[SC0228]: type name used as value: `K`
  --> /main/main.solc:17:10
   |
16 | function contract_value() returns (word) {
17 |   return K;
   |          ^ not a value
18 | }
   |
   = help: use a constructor or value binding here, not a namespace name
---

error[SC0228]: trait name used as value: `C`
  --> /main/main.solc:21:10
   |
20 | function class_value() returns (word) {
21 |   return C;
   |          ^ not a value
22 | }
   |
   = help: use a constructor or value binding here, not a namespace name
---

error[SC0228]: type name used as value: `word`
  --> /main/main.solc:25:10
   |
24 | function builtin_type_value() returns (word) {
25 |   return word;
   |          ^^^^ not a value
26 | }
   |
   = help: use a constructor or value binding here, not a namespace name
---

error[SC0228]: trait name used as value: `Int`
  --> /main/main.solc:29:10
   |
28 | function builtin_class_value() returns (word) {
29 |   return Int;
   |          ^^^ not a value
30 | }
   |
   = help: use a constructor or value binding here, not a namespace name
---

error[SC0228]: type variable used as value: `a`
  --> /main/main.solc:33:10
   |
32 | function type_var_value<a>() returns (word) {
33 |   return a;
   |          ^ not a value
34 | }
   |
   = help: use a constructor or value binding here, not a namespace name
---

error[SC0228]: module used as value: `U`
  --> /main/main.solc:37:10
   |
36 | function module_value() returns (word) {
37 |   return U;
   |          ^ not a value
38 | }
   |
   = help: use a constructor or value binding here, not a namespace name
---

error[SC0228]: type name used as callee: `Opt`
  --> /main/main.solc:41:10
   |
40 | function type_as_callee() returns (word) {
41 |   return Opt();
   |          ^^^ not a value
42 | }
   |
   = help: use a constructor or value binding here, not a namespace name
---

error[SC0228]: module used as callee: `U`
  --> /main/main.solc:45:10
   |
44 | function module_as_callee() returns (word) {
45 |   return U();
   |          ^ not a value
46 | }
   |
   = help: use a constructor or value binding here, not a namespace name
---

error[SC0207]: cannot satisfy trait constraint: operator Add.add
  --> /main/main.solc:49:10
   |
48 | function type_in_binop() returns (word) {
49 |   return Opt + 1;
   |          ^^^^^^^ constraint originates here
50 | }
   |
   = note: no visible impl matches `operator Add.add`
   = help: add a matching impl or strengthen the surrounding type context
---

error[SC0228]: type name used as value: `Opt`
  --> /main/main.solc:49:10
   |
48 | function type_in_binop() returns (word) {
49 |   return Opt + 1;
   |          ^^^ not a value
50 | }
   |
   = help: use a constructor or value binding here, not a namespace name
