---
source: crates/test-utils/src/lib.rs
expression: rendered
input_file: crates/uitest/tests/fixtures/hull/assembly_assign_non_word/main.solc
---
error[SC0434]: Hull type mismatch: expected (unit + unit), got word
 --> /main/main.solc:7:9
  |
6 |   function main() public returns (word) {
7 |     let b: bool = false;
  |         ^ type mismatch
8 |     assembly { b := add(1, 1) }
  |
---

error[SC0448]: inline assembly assignment to `b` requires word type, got (unit + unit)
 --> /main/main.solc:8:16
  |
7 |     let b: bool = false;
8 |     assembly { b := add(1, 1) }
  |                ^^^^^^^^^^^^^^ assembly assignment must be word
9 |     if (b) { return 1; } else { return 0; }
  |
