---
source: crates/test-utils/src/lib.rs
expression: rendered
input_file: crates/uitest/tests/fixtures/solver/bounded_variable_condition/main.solc
---
error[SC0214]: Bounded variable condition fails!
 --> /main/main.solc:5:12
  |
3 | trait Container<a, b> {}
4 |
5 | impl<a, c> Container<Box<a>, a> where c: Eq {}
  |            ^^^^^^^^^^^^^^^^^^^^ impl head is missing constraint variables
