---
source: crates/test-utils/src/lib.rs
expression: rendered
input_file: crates/uitest/tests/fixtures/hull/unsupported_dispatch_storage/main.solc
---
error[SC0430]: undefined Hull variable `content`
  --> /main/main.solc:11:5
   |
10 |   function set(value: bytes memory) public returns (()) {
11 |     content = value;
   |     ^^^^^^^ undefined variable
12 |   }
   |
---

error[SC0430]: undefined Hull variable `content`
  --> /main/main.solc:15:12
   |
14 |   function get() public returns (bytes memory) {
15 |     return content;
   |            ^^^^^^^ undefined variable
16 |   }
   |
