---
source: crates/test-utils/src/lib.rs
expression: rendered
input_file: crates/uitest/tests/fixtures/parse/ergo_unterminated_string/main.solc
---
error[SC0001]: unterminated string literal
 --> /main/main.solc:2:13
  |
1 |   function f() returns (word) {
2 |       let s = "hello;
  |  _____________^
3 | |     return 1;
4 | | }
  | |__^ string literal starts here
  |
  = note: add a closing `"` before the end of file
