---
source: crates/test-utils/src/lib.rs
expression: rendered
input_file: crates/uitest/tests/fixtures/solver/local_given_rigid_var_unsatisfied/main.solc
---
error[SC0299]: ambiguous inferred type
 --> /main/main.solc:5:42
  |
4 |
5 |   forall a . a:C => function bad() -> word {
  |  __________________________________________^
6 | |   return C.c(1);
7 | | }
  | |_^ ambiguous inferred type
  |
  = note: forall _ . _ : Int => () -> word
  = help: add a type annotation or a matching instance to fix the ambiguous type variable
