---
source: crates/test-utils/src/lib.rs
expression: rendered
input_file: crates/uitest/tests/fixtures/solver/method_extra_forall/main.solc
---
error[SC0299]: ambiguous inferred type
 --> /main/main.solc:7:6
  |
6 |
7 | impl C<word> {
  |      ^^^^^^^ ambiguous inferred type
8 |   function f<b>(x: word) returns (word) where b: D { return x; }
  |
  = note: <b> function(word) returns (word) where b: D
  = help: add a type annotation or a matching impl to fix the ambiguous type variable
