---
source: crates/test-utils/src/lib.rs
expression: rendered
input_file: crates/uitest/tests/fixtures/parse/data_trailing_pipe/main.solc
---
error[SC0001]: parse error: unexpected `,`
 --> /main/main.solc:1:27
  |
1 | enum Option<T> { Some(T), , };
  |                           ^ unexpected token
  |
  = note: expecting `}`
  = note: while parsing enum or struct declaration
