---
source: crates/test-utils/src/lib.rs
expression: rendered
input_file: crates/uitest/tests/fixtures/parse/ergo_missing_semicolon_stmts/main.solc
---
error[SC0001]: parse error: unexpected `return`
 --> /main/main.solc:3:5
  |
2 |     let x = 1
3 |     return x;
  |     ^^^^^^ unexpected token
4 | }
  |
  = note: expecting `;` after let statement
