---
source: crates/test-utils/src/lib.rs
expression: rendered
input_file: crates/uitest/tests/fixtures/typeck/nullary_type_applied_signature/main.solc
---
error[SC0299]: Invalid number of type arguments!
 --> /main/main.solc:3:15
  |
2 |
3 | function f(x: M(word)) -> word {
  |               ^^^^^^^ diagnostic reported here
4 |   return 0;
  |
  = note: Type M is expected to have 0 type arguments
  = note: but, type M(word) has 1 arguments
