---
source: crates/test-utils/src/lib.rs
expression: rendered
input_file: crates/uitest/tests/fixtures/nameres/ergo_private_qualified/main.solc
---
error[SC0101]: undefined name: secret
 --> /main/main.solc:4:16
  |
3 | function main() -> word {
4 |   return vault.secret(1);
  |                ^^^^^^ unknown name
5 | }
  |
