---
source: crates/test-utils/src/lib.rs
expression: rendered
input_file: crates/uitest/tests/fixtures/typeck/visible_manual_std_abi_instances/main.solc
---
error[SC0231]: public function `echo` ABI for contract `C` cannot use visible manual `ABIAttribs` evidence
  --> /main/main.solc:22:3
   |
21 | contract C {
22 |   public function echo(value: word) -> word { return value; }
   |   ^^^^^^^^^^^^^^^^^^^^^^^^^^^^^^^^^^^^^^^^^ external ABI evidence must be compiler-owned and canonical
23 | }
   |
   = note: instance `ABIAttribs` can override canonical `ABIAttribs` behavior
   = help: remove the visible manual ABI instance or keep this declaration out of the external ABI
---

error[SC0231]: public function `echo` ABI for contract `C` cannot use visible manual `ABIDecode` evidence
  --> /main/main.solc:22:3
   |
21 | contract C {
22 |   public function echo(value: word) -> word { return value; }
   |   ^^^^^^^^^^^^^^^^^^^^^^^^^^^^^^^^^^^^^^^^^ external ABI evidence must be compiler-owned and canonical
23 | }
   |
   = note: instance `ABIDecode` can override canonical `ABIDecode` behavior
   = help: remove the visible manual ABI instance or keep this declaration out of the external ABI
---

error[SC0231]: public function `echo` ABI for contract `C` cannot use visible manual `ABIEncode` evidence
  --> /main/main.solc:22:3
   |
21 | contract C {
22 |   public function echo(value: word) -> word { return value; }
   |   ^^^^^^^^^^^^^^^^^^^^^^^^^^^^^^^^^^^^^^^^^ external ABI evidence must be compiler-owned and canonical
23 | }
   |
   = note: instance `ABIEncode` can override canonical `ABIEncode` behavior
   = help: remove the visible manual ABI instance or keep this declaration out of the external ABI
---

error[SC0231]: public function `echo` ABI for contract `C` cannot use visible manual `SigString` evidence
  --> /main/main.solc:22:3
   |
21 | contract C {
22 |   public function echo(value: word) -> word { return value; }
   |   ^^^^^^^^^^^^^^^^^^^^^^^^^^^^^^^^^^^^^^^^^ external ABI evidence must be compiler-owned and canonical
23 | }
   |
   = note: instance `SigString` can override canonical `SigString` behavior
   = help: remove the visible manual ABI instance or keep this declaration out of the external ABI
