---
source: crates/test-utils/src/lib.rs
expression: rendered
input_file: crates/uitest/tests/fixtures/typeck/visible_manual_std_abi_instances/main.solc
---
error[SC0231]: function `echo` declared public ABI for contract `C` cannot use visible manual `ABIAttribs` evidence
  --> /main/main.solc:22:3
   |
21 | contract C {
22 |   function echo(value: word) public returns (word) { return value; }
   |   ^^^^^^^^^^^^^^^^^^^^^^^^^^^^^^^^^^^^^^^^^^^^^^^^ external ABI evidence must be compiler-owned and canonical
23 | }
   |
   = note: impl `ABIAttribs` can override canonical `ABIAttribs` behavior
   = help: remove the visible manual ABI impl or keep this declaration out of the external ABI
---

error[SC0231]: function `echo` declared public ABI for contract `C` cannot use visible manual `ABIDecode` evidence
  --> /main/main.solc:22:3
   |
21 | contract C {
22 |   function echo(value: word) public returns (word) { return value; }
   |   ^^^^^^^^^^^^^^^^^^^^^^^^^^^^^^^^^^^^^^^^^^^^^^^^ external ABI evidence must be compiler-owned and canonical
23 | }
   |
   = note: impl `ABIDecode` can override canonical `ABIDecode` behavior
   = help: remove the visible manual ABI impl or keep this declaration out of the external ABI
---

error[SC0231]: function `echo` declared public ABI for contract `C` cannot use visible manual `ABIEncode` evidence
  --> /main/main.solc:22:3
   |
21 | contract C {
22 |   function echo(value: word) public returns (word) { return value; }
   |   ^^^^^^^^^^^^^^^^^^^^^^^^^^^^^^^^^^^^^^^^^^^^^^^^ external ABI evidence must be compiler-owned and canonical
23 | }
   |
   = note: impl `ABIEncode` can override canonical `ABIEncode` behavior
   = help: remove the visible manual ABI impl or keep this declaration out of the external ABI
---

error[SC0231]: function `echo` declared public ABI for contract `C` cannot use visible manual `SigString` evidence
  --> /main/main.solc:22:3
   |
21 | contract C {
22 |   function echo(value: word) public returns (word) { return value; }
   |   ^^^^^^^^^^^^^^^^^^^^^^^^^^^^^^^^^^^^^^^^^^^^^^^^ external ABI evidence must be compiler-owned and canonical
23 | }
   |
   = note: impl `SigString` can override canonical `SigString` behavior
   = help: remove the visible manual ABI impl or keep this declaration out of the external ABI
