---
source: crates/test-utils/src/lib.rs
expression: rendered
input_file: crates/uitest/tests/fixtures/typeck/manual_generic_adt_external_abi/main.solc
---
error[SC0207]: cannot satisfy class constraint: Contract(Method(DispatchNameTy_Shapes_roundtrip, NonPayable, Point, Point, (Point) -> Point), Fallback(NonPayable, (), (), () -> ())) : RunContract
 --> /main/main.solc:7:10
  |
6 |
7 | contract Shapes {
  |          ^^^^^^ constraint originates here
8 |   public function roundtrip(p: Point) -> Point { return p; }
  |
  = note: no visible instance matches `Contract(Method(DispatchNameTy_Shapes_roundtrip, NonPayable, Point, Point, (Point) -> Point), Fallback(NonPayable, (), (), () -> ())) : RunContract`
  = help: add a matching instance or strengthen the surrounding type context
---

error[SC0231]: ABI output cannot be represented in the ABI: Point (user-defined ADTs are not supported by the canonical external ABI)
 --> /main/main.solc:8:3
  |
7 | contract Shapes {
8 |   public function roundtrip(p: Point) -> Point { return p; }
  |   ^^^^^^^^^^^^^^^^^^^^^^^^^^^^^^^^^^^^^^^^^^^^ unsupported ABI type
9 | }
  |
---

error[SC0231]: ABI parameter cannot be represented in the ABI: Point (user-defined ADTs are not supported by the canonical external ABI)
 --> /main/main.solc:8:3
  |
7 | contract Shapes {
8 |   public function roundtrip(p: Point) -> Point { return p; }
  |   ^^^^^^^^^^^^^^^^^^^^^^^^^^^^^^^^^^^^^^^^^^^^ unsupported ABI type
9 | }
  |
---

error[SC0231]: roundtrip cannot be represented in the ABI: Point (user-defined ADTs are not supported by the canonical external ABI)
 --> /main/main.solc:8:3
  |
7 | contract Shapes {
8 |   public function roundtrip(p: Point) -> Point { return p; }
  |   ^^^^^^^^^^^^^^^^^^^^^^^^^^^^^^^^^^^^^^^^^^^^ unsupported ABI type
9 | }
  |
